Archive member included to satisfy reference by file (symbol)

d:/msys2/mingw64/bin/../lib/gcc/arm-none-eabi/12.2.0/../../../../arm-none-eabi/lib/thumb/v7e-m+fp/hard\libc_nano.a(libc_a-atexit.o)
                              d:/msys2/mingw64/bin/../lib/gcc/arm-none-eabi/12.2.0/../../../../arm-none-eabi/lib/thumb/v7e-m+fp/hard/crt0.o (atexit)
d:/msys2/mingw64/bin/../lib/gcc/arm-none-eabi/12.2.0/../../../../arm-none-eabi/lib/thumb/v7e-m+fp/hard\libc_nano.a(libc_a-exit.o)
                              d:/msys2/mingw64/bin/../lib/gcc/arm-none-eabi/12.2.0/../../../../arm-none-eabi/lib/thumb/v7e-m+fp/hard/crt0.o (exit)
d:/msys2/mingw64/bin/../lib/gcc/arm-none-eabi/12.2.0/../../../../arm-none-eabi/lib/thumb/v7e-m+fp/hard\libc_nano.a(libc_a-findfp.o)
                              d:/msys2/mingw64/bin/../lib/gcc/arm-none-eabi/12.2.0/../../../../arm-none-eabi/lib/thumb/v7e-m+fp/hard\libc_nano.a(libc_a-exit.o) (__stdio_exit_handler)
d:/msys2/mingw64/bin/../lib/gcc/arm-none-eabi/12.2.0/../../../../arm-none-eabi/lib/thumb/v7e-m+fp/hard\libc_nano.a(libc_a-fwalk.o)
                              d:/msys2/mingw64/bin/../lib/gcc/arm-none-eabi/12.2.0/../../../../arm-none-eabi/lib/thumb/v7e-m+fp/hard\libc_nano.a(libc_a-findfp.o) (_fwalk_sglue)
d:/msys2/mingw64/bin/../lib/gcc/arm-none-eabi/12.2.0/../../../../arm-none-eabi/lib/thumb/v7e-m+fp/hard\libc_nano.a(libc_a-stdio.o)
                              d:/msys2/mingw64/bin/../lib/gcc/arm-none-eabi/12.2.0/../../../../arm-none-eabi/lib/thumb/v7e-m+fp/hard\libc_nano.a(libc_a-findfp.o) (__sread)
d:/msys2/mingw64/bin/../lib/gcc/arm-none-eabi/12.2.0/../../../../arm-none-eabi/lib/thumb/v7e-m+fp/hard\libc_nano.a(libc_a-memset.o)
                              d:/msys2/mingw64/bin/../lib/gcc/arm-none-eabi/12.2.0/../../../../arm-none-eabi/lib/thumb/v7e-m+fp/hard/crt0.o (memset)
d:/msys2/mingw64/bin/../lib/gcc/arm-none-eabi/12.2.0/../../../../arm-none-eabi/lib/thumb/v7e-m+fp/hard\libc_nano.a(libc_a-closer.o)
                              d:/msys2/mingw64/bin/../lib/gcc/arm-none-eabi/12.2.0/../../../../arm-none-eabi/lib/thumb/v7e-m+fp/hard\libc_nano.a(libc_a-stdio.o) (_close_r)
d:/msys2/mingw64/bin/../lib/gcc/arm-none-eabi/12.2.0/../../../../arm-none-eabi/lib/thumb/v7e-m+fp/hard\libc_nano.a(libc_a-reent.o)
                              d:/msys2/mingw64/bin/../lib/gcc/arm-none-eabi/12.2.0/../../../../arm-none-eabi/lib/thumb/v7e-m+fp/hard\libc_nano.a(libc_a-closer.o) (errno)
d:/msys2/mingw64/bin/../lib/gcc/arm-none-eabi/12.2.0/../../../../arm-none-eabi/lib/thumb/v7e-m+fp/hard\libc_nano.a(libc_a-impure.o)
                              d:/msys2/mingw64/bin/../lib/gcc/arm-none-eabi/12.2.0/../../../../arm-none-eabi/lib/thumb/v7e-m+fp/hard\libc_nano.a(libc_a-reent.o) (_impure_ptr)
d:/msys2/mingw64/bin/../lib/gcc/arm-none-eabi/12.2.0/../../../../arm-none-eabi/lib/thumb/v7e-m+fp/hard\libc_nano.a(libc_a-lseekr.o)
                              d:/msys2/mingw64/bin/../lib/gcc/arm-none-eabi/12.2.0/../../../../arm-none-eabi/lib/thumb/v7e-m+fp/hard\libc_nano.a(libc_a-stdio.o) (_lseek_r)
d:/msys2/mingw64/bin/../lib/gcc/arm-none-eabi/12.2.0/../../../../arm-none-eabi/lib/thumb/v7e-m+fp/hard\libc_nano.a(libc_a-readr.o)
                              d:/msys2/mingw64/bin/../lib/gcc/arm-none-eabi/12.2.0/../../../../arm-none-eabi/lib/thumb/v7e-m+fp/hard\libc_nano.a(libc_a-stdio.o) (_read_r)
d:/msys2/mingw64/bin/../lib/gcc/arm-none-eabi/12.2.0/../../../../arm-none-eabi/lib/thumb/v7e-m+fp/hard\libc_nano.a(libc_a-writer.o)
                              d:/msys2/mingw64/bin/../lib/gcc/arm-none-eabi/12.2.0/../../../../arm-none-eabi/lib/thumb/v7e-m+fp/hard\libc_nano.a(libc_a-stdio.o) (_write_r)
d:/msys2/mingw64/bin/../lib/gcc/arm-none-eabi/12.2.0/../../../../arm-none-eabi/lib/thumb/v7e-m+fp/hard\libc_nano.a(libc_a-init.o)
                              d:/msys2/mingw64/bin/../lib/gcc/arm-none-eabi/12.2.0/../../../../arm-none-eabi/lib/thumb/v7e-m+fp/hard/crt0.o (__libc_init_array)
d:/msys2/mingw64/bin/../lib/gcc/arm-none-eabi/12.2.0/../../../../arm-none-eabi/lib/thumb/v7e-m+fp/hard\libc_nano.a(libc_a-fini.o)
                              d:/msys2/mingw64/bin/../lib/gcc/arm-none-eabi/12.2.0/../../../../arm-none-eabi/lib/thumb/v7e-m+fp/hard/crt0.o (__libc_fini_array)
d:/msys2/mingw64/bin/../lib/gcc/arm-none-eabi/12.2.0/../../../../arm-none-eabi/lib/thumb/v7e-m+fp/hard\libc_nano.a(libc_a-lock.o)
                              d:/msys2/mingw64/bin/../lib/gcc/arm-none-eabi/12.2.0/../../../../arm-none-eabi/lib/thumb/v7e-m+fp/hard\libc_nano.a(libc_a-findfp.o) (__retarget_lock_init_recursive)
d:/msys2/mingw64/bin/../lib/gcc/arm-none-eabi/12.2.0/../../../../arm-none-eabi/lib/thumb/v7e-m+fp/hard\libc_nano.a(libc_a-__atexit.o)
                              d:/msys2/mingw64/bin/../lib/gcc/arm-none-eabi/12.2.0/../../../../arm-none-eabi/lib/thumb/v7e-m+fp/hard\libc_nano.a(libc_a-atexit.o) (__register_exitproc)
[...]
Memory Configuration

Name             Origin             Length             Attributes
RAM              0x20000000         0x00020000         xrw
CCMRAM           0x10000000         0x00010000         xrw
FLASH            0x08000000         0x00100000         xr
*default*        0x00000000         0xffffffff

Linker script and memory map

LOAD d:/msys2/mingw64/bin/../lib/gcc/arm-none-eabi/12.2.0/thumb/v7e-m+fp/hard/crti.o
LOAD d:/msys2/mingw64/bin/../lib/gcc/arm-none-eabi/12.2.0/thumb/v7e-m+fp/hard/crtbegin.o
LOAD d:/msys2/mingw64/bin/../lib/gcc/arm-none-eabi/12.2.0/../../../../arm-none-eabi/lib/thumb/v7e-m+fp/hard/crt0.o
LOAD build/main.o
LOAD build/gpio.o
LOAD build/usart.o
LOAD build/stm32f4xx_it.o
LOAD build/stm32f4xx_hal_msp.o
LOAD build/stm32f4xx_hal_tim.o
LOAD build/stm32f4xx_hal_tim_ex.o
LOAD build/stm32f4xx_hal_uart.o
LOAD build/stm32f4xx_hal_rcc.o
LOAD build/stm32f4xx_hal_rcc_ex.o
LOAD build/stm32f4xx_hal_flash.o
LOAD build/stm32f4xx_hal_flash_ex.o
LOAD build/stm32f4xx_hal_flash_ramfunc.o
LOAD build/stm32f4xx_hal_gpio.o
LOAD build/stm32f4xx_hal_dma_ex.o
LOAD build/stm32f4xx_hal_dma.o
LOAD build/stm32f4xx_hal_pwr.o
LOAD build/stm32f4xx_hal_pwr_ex.o
LOAD build/stm32f4xx_hal_cortex.o
LOAD build/stm32f4xx_hal.o
LOAD build/stm32f4xx_hal_exti.o
LOAD build/tim.o
LOAD build/stm32f4xx_hal_timebase_tim.o
LOAD build/PS2.o
LOAD build/motor_controll.o
LOAD build/system_stm32f4xx.o
LOAD build/startup_stm32f407xx.o
LOAD d:/msys2/mingw64/bin/../lib/gcc/arm-none-eabi/12.2.0/../../../../arm-none-eabi/lib/thumb/v7e-m+fp/hard\libc_nano.a
LOAD d:/msys2/mingw64/bin/../lib/gcc/arm-none-eabi/12.2.0/../../../../arm-none-eabi/lib/thumb/v7e-m+fp/hard\libm.a
LOAD d:/msys2/mingw64/bin/../lib/gcc/arm-none-eabi/12.2.0/../../../../arm-none-eabi/lib/thumb/v7e-m+fp/hard\libnosys.a
START GROUP
LOAD d:/msys2/mingw64/bin/../lib/gcc/arm-none-eabi/12.2.0/thumb/v7e-m+fp/hard\libgcc.a
LOAD d:/msys2/mingw64/bin/../lib/gcc/arm-none-eabi/12.2.0/../../../../arm-none-eabi/lib/thumb/v7e-m+fp/hard\libc_nano.a
END GROUP
START GROUP
LOAD d:/msys2/mingw64/bin/../lib/gcc/arm-none-eabi/12.2.0/thumb/v7e-m+fp/hard\libgcc.a
LOAD d:/msys2/mingw64/bin/../lib/gcc/arm-none-eabi/12.2.0/../../../../arm-none-eabi/lib/thumb/v7e-m+fp/hard\libc_nano.a
END GROUP
LOAD d:/msys2/mingw64/bin/../lib/gcc/arm-none-eabi/12.2.0/thumb/v7e-m+fp/hard/crtend.o
LOAD d:/msys2/mingw64/bin/../lib/gcc/arm-none-eabi/12.2.0/thumb/v7e-m+fp/hard/crtn.o
                0x20020000                        _estack = (ORIGIN (RAM) + LENGTH (RAM))
                0x00000200                        _Min_Heap_Size = 0x200
                0x00000400                        _Min_Stack_Size = 0x400

.isr_vector     0x08000000      0x188
                0x08000000                        . = ALIGN (0x4)
 *(.isr_vector)
 .isr_vector    0x08000000      0x188 build/startup_stm32f407xx.o
                0x08000000                g_pfnVectors
                0x08000188                        . = ALIGN (0x4)

.text           0x08000188     0x27d8
                0x08000188                        . = ALIGN (0x4)
 *(.text)
 .text          0x08000188       0x50 d:/msys2/mingw64/bin/../lib/gcc/arm-none-eabi/12.2.0/../../../../arm-none-eabi/lib/thumb/v7e-m+fp/hard\libc_nano.a(libc_a-init.o)
                0x08000188                __libc_init_array
 .text          0x080001d8       0x30 d:/msys2/mingw64/bin/../lib/gcc/arm-none-eabi/12.2.0/thumb/v7e-m+fp/hard\libgcc.a(_aeabi_uldivmod.o)
                0x080001d8                __aeabi_uldivmod
 .text          0x08000208        0x4 d:/msys2/mingw64/bin/../lib/gcc/arm-none-eabi/12.2.0/thumb/v7e-m+fp/hard\libgcc.a(_dvmd_tls.o)
                0x08000208                __aeabi_idiv0
                0x08000208                __aeabi_ldiv0
 *(.text*)
 .text.__do_global_dtors_aux
                0x0800020c       0x24 d:/msys2/mingw64/bin/../lib/gcc/arm-none-eabi/12.2.0/thumb/v7e-m+fp/hard/crtbegin.o
 .text.frame_dummy
                0x08000230       0x1c d:/msys2/mingw64/bin/../lib/gcc/arm-none-eabi/12.2.0/thumb/v7e-m+fp/hard/crtbegin.o
 .text.SystemClock_Config
                0x0800024c       0xa8 build/main.o
                0x0800024c                SystemClock_Config
 .text.startup.main
                0x080002f4       0x84 build/main.o
                0x080002f4                main
 .text.HAL_UART_RxCpltCallback
                0x08000378       0x44 build/main.o
                0x08000378                HAL_UART_RxCpltCallback
 .text.HAL_TIM_PeriodElapsedCallback
                0x080003bc       0x14 build/main.o
                0x080003bc                HAL_TIM_PeriodElapsedCallback
 .text.Error_Handler
                0x080003d0        0x4 build/main.o
                0x080003d0                Error_Handler
 .text.MX_GPIO_Init
                0x080003d4      0x1cc build/gpio.o
                0x080003d4                MX_GPIO_Init
 .text.MX_USART1_UART_Init
                0x080005a0       0x38 build/usart.o
                0x080005a0                MX_USART1_UART_Init
 .text.MX_USART2_UART_Init
                0x080005d8       0x38 build/usart.o
                0x080005d8                MX_USART2_UART_Init
 .text.MX_USART6_UART_Init
                0x08000610       0x38 build/usart.o
                0x08000610                MX_USART6_UART_Init
 .text.HAL_UART_MspInit
                0x08000648      0x140 build/usart.o
                0x08000648                HAL_UART_MspInit
 .text.NMI_Handler
                0x08000788        0x4 build/stm32f4xx_it.o
                0x08000788                NMI_Handler
 .text.HardFault_Handler
                0x0800078c        0x4 build/stm32f4xx_it.o
                0x0800078c                HardFault_Handler
 .text.MemManage_Handler
                0x08000790        0x4 build/stm32f4xx_it.o
                0x08000790                MemManage_Handler
 .text.BusFault_Handler
                0x08000794        0x4 build/stm32f4xx_it.o
                0x08000794                BusFault_Handler
 .text.UsageFault_Handler
                0x08000798        0x4 build/stm32f4xx_it.o
                0x08000798                UsageFault_Handler
 .text.SVC_Handler
                0x0800079c        0x4 build/stm32f4xx_it.o
                0x0800079c                SVC_Handler
 .text.DebugMon_Handler
                0x080007a0        0x4 build/stm32f4xx_it.o
                0x080007a0                DebugMon_Handler
 .text.PendSV_Handler
                0x080007a4        0x4 build/stm32f4xx_it.o
                0x080007a4                PendSV_Handler
 .text.SysTick_Handler
                0x080007a8        0x4 build/stm32f4xx_it.o
                0x080007a8                SysTick_Handler
 .text.TIM1_BRK_TIM9_IRQHandler
                0x080007ac        0xc build/stm32f4xx_it.o
                0x080007ac                TIM1_BRK_TIM9_IRQHandler
 .text.USART2_IRQHandler
                0x080007b8        0xc build/stm32f4xx_it.o
                0x080007b8                USART2_IRQHandler
 .text.TIM7_IRQHandler
                0x080007c4        0xc build/stm32f4xx_it.o
                0x080007c4                TIM7_IRQHandler
 .text.USART6_IRQHandler
                0x080007d0        0xc build/stm32f4xx_it.o
                0x080007d0                USART6_IRQHandler
 .text.HAL_MspInit
                0x080007dc       0x38 build/stm32f4xx_hal_msp.o
                0x080007dc                HAL_MspInit
 .text.HAL_TIM_Base_Init
                0x08000814      0x120 build/stm32f4xx_hal_tim.o
                0x08000814                HAL_TIM_Base_Init
 .text.HAL_TIM_Base_Start_IT
                0x08000934       0x74 build/stm32f4xx_hal_tim.o
                0x08000934                HAL_TIM_Base_Start_IT
 .text.HAL_TIM_ConfigClockSource
                0x080009a8      0x154 build/stm32f4xx_hal_tim.o
                0x080009a8                HAL_TIM_ConfigClockSource
 .text.HAL_TIM_OC_DelayElapsedCallback
                0x08000afc        0x4 build/stm32f4xx_hal_tim.o
                0x08000afc                HAL_TIM_OC_DelayElapsedCallback
 .text.HAL_TIM_IC_CaptureCallback
                0x08000b00        0x4 build/stm32f4xx_hal_tim.o
                0x08000b00                HAL_TIM_IC_CaptureCallback
 .text.HAL_TIM_PWM_PulseFinishedCallback
                0x08000b04        0x4 build/stm32f4xx_hal_tim.o
                0x08000b04                HAL_TIM_PWM_PulseFinishedCallback
 .text.HAL_TIM_TriggerCallback
                0x08000b08        0x4 build/stm32f4xx_hal_tim.o
                0x08000b08                HAL_TIM_TriggerCallback
 .text.HAL_TIM_IRQHandler
                0x08000b0c      0x154 build/stm32f4xx_hal_tim.o
                0x08000b0c                HAL_TIM_IRQHandler
 .text.HAL_TIMEx_CommutCallback
                0x08000c60        0x4 build/stm32f4xx_hal_tim_ex.o
                0x08000c60                HAL_TIMEx_CommutCallback
 .text.HAL_TIMEx_BreakCallback
                0x08000c64        0x4 build/stm32f4xx_hal_tim_ex.o
                0x08000c64                HAL_TIMEx_BreakCallback
 .text.HAL_UART_Init
                0x08000c68      0x124 build/stm32f4xx_hal_uart.o
                0x08000c68                HAL_UART_Init
 .text.HAL_UART_Receive_IT
                0x08000d8c       0x5c build/stm32f4xx_hal_uart.o
                0x08000d8c                HAL_UART_Receive_IT
 .text.HAL_UART_TxCpltCallback
                0x08000de8        0x4 build/stm32f4xx_hal_uart.o
                0x08000de8                HAL_UART_TxCpltCallback
 .text.HAL_UART_ErrorCallback
                0x08000dec        0x4 build/stm32f4xx_hal_uart.o
                0x08000dec                HAL_UART_ErrorCallback
 .text.UART_DMAAbortOnError
                0x08000df0       0x10 build/stm32f4xx_hal_uart.o
 .text.HAL_UARTEx_RxEventCallback
                0x08000e00        0x4 build/stm32f4xx_hal_uart.o
                0x08000e00                HAL_UARTEx_RxEventCallback
 .text.UART_Receive_IT.part.0.isra.0
                0x08000e04       0xbc build/stm32f4xx_hal_uart.o
 .text.HAL_UART_IRQHandler
                0x08000ec0      0x350 build/stm32f4xx_hal_uart.o
                0x08000ec0                HAL_UART_IRQHandler
 .text.HAL_RCC_OscConfig
                0x08001210      0x3c4 build/stm32f4xx_hal_rcc.o
                0x08001210                HAL_RCC_OscConfig
 .text.HAL_RCC_GetSysClockFreq
                0x080015d4       0x68 build/stm32f4xx_hal_rcc.o
                0x080015d4                HAL_RCC_GetSysClockFreq
 .text.HAL_RCC_ClockConfig
                0x0800163c      0x13c build/stm32f4xx_hal_rcc.o
                0x0800163c                HAL_RCC_ClockConfig
 .text.HAL_RCC_GetHCLKFreq
                0x08001778        0xc build/stm32f4xx_hal_rcc.o
                0x08001778                HAL_RCC_GetHCLKFreq
 .text.HAL_RCC_GetPCLK1Freq
                0x08001784       0x20 build/stm32f4xx_hal_rcc.o
                0x08001784                HAL_RCC_GetPCLK1Freq
 .text.HAL_RCC_GetPCLK2Freq
                0x080017a4       0x20 build/stm32f4xx_hal_rcc.o
                0x080017a4                HAL_RCC_GetPCLK2Freq
 .text.HAL_RCC_GetClockConfig
                0x080017c4       0x44 build/stm32f4xx_hal_rcc.o
                0x080017c4                HAL_RCC_GetClockConfig
 .text.HAL_GPIO_Init
                0x08001808      0x23c build/stm32f4xx_hal_gpio.o
                0x08001808                HAL_GPIO_Init
 .text.HAL_GPIO_ReadPin
                0x08001a44        0xc build/stm32f4xx_hal_gpio.o
                0x08001a44                HAL_GPIO_ReadPin
 .text.HAL_GPIO_WritePin
                0x08001a50        0x8 build/stm32f4xx_hal_gpio.o
                0x08001a50                HAL_GPIO_WritePin
 .text.HAL_GPIO_TogglePin
                0x08001a58       0x14 build/stm32f4xx_hal_gpio.o
                0x08001a58                HAL_GPIO_TogglePin
 .text.HAL_DMA_Abort
                0x08001a6c       0x94 build/stm32f4xx_hal_dma.o
                0x08001a6c                HAL_DMA_Abort
 .text.HAL_DMA_Abort_IT
                0x08001b00       0x24 build/stm32f4xx_hal_dma.o
                0x08001b00                HAL_DMA_Abort_IT
 .text.HAL_NVIC_SetPriorityGrouping
                0x08001b24       0x24 build/stm32f4xx_hal_cortex.o
                0x08001b24                HAL_NVIC_SetPriorityGrouping
 .text.HAL_NVIC_SetPriority
                0x08001b48       0x78 build/stm32f4xx_hal_cortex.o
                0x08001b48                HAL_NVIC_SetPriority
 .text.HAL_NVIC_EnableIRQ
                0x08001bc0       0x1c build/stm32f4xx_hal_cortex.o
                0x08001bc0                HAL_NVIC_EnableIRQ
 .text.HAL_Init
                0x08001bdc       0x34 build/stm32f4xx_hal.o
                0x08001bdc                HAL_Init
 .text.HAL_IncTick
                0x08001c10       0x18 build/stm32f4xx_hal.o
                0x08001c10                HAL_IncTick
 .text.HAL_GetTick
                0x08001c28        0xc build/stm32f4xx_hal.o
                0x08001c28                HAL_GetTick
 .text.MX_TIM9_Init
                0x08001c34       0x58 build/tim.o
                0x08001c34                MX_TIM9_Init
 .text.HAL_TIM_Base_MspInit
                0x08001c8c       0x40 build/tim.o
                0x08001c8c                HAL_TIM_Base_MspInit
 .text.HAL_InitTick
                0x08001ccc       0xa8 build/stm32f4xx_hal_timebase_tim.o
                0x08001ccc                HAL_InitTick
 .text.PS2_Cmd  0x08001d74       0xd0 build/PS2.o
                0x08001d74                PS2_Cmd
 .text.PS2_ReadData
                0x08001e44       0xfc build/PS2.o
                0x08001e44                PS2_ReadData
 .text.PS2_DataKey
                0x08001f40      0x128 build/PS2.o
                0x08001f40                PS2_DataKey
 .text.PS2_SetInit
                0x08002068      0x1e8 build/PS2.o
                0x08002068                PS2_SetInit
 .text.wifi_order_swtich
                0x08002250       0x9c build/motor_controll.o
                0x08002250                wifi_order_swtich
 .text.motor_controll_V1
                0x080022ec      0x1a8 build/motor_controll.o
                0x080022ec                motor_controll_V1
 .text.motor_controll_wifi
                0x08002494      0x1ac build/motor_controll.o
                0x08002494                motor_controll_wifi
 .text.SystemInit
                0x08002640       0x14 build/system_stm32f4xx.o
                0x08002640                SystemInit
 .text.Reset_Handler
                0x08002654       0x50 build/startup_stm32f407xx.o
                0x08002654                Reset_Handler
 .text.Default_Handler
                0x080026a4        0x2 build/startup_stm32f407xx.o
                0x080026a4                RTC_Alarm_IRQHandler
                0x080026a4                HASH_RNG_IRQHandler
                0x080026a4                EXTI2_IRQHandler
                0x080026a4                TIM8_CC_IRQHandler
                0x080026a4                TIM1_CC_IRQHandler
                0x080026a4                DMA2_Stream5_IRQHandler
                0x080026a4                DMA1_Stream5_IRQHandler
                0x080026a4                PVD_IRQHandler
                0x080026a4                SDIO_IRQHandler
                0x080026a4                TAMP_STAMP_IRQHandler
                0x080026a4                CAN2_RX1_IRQHandler
                0x080026a4                EXTI3_IRQHandler
                0x080026a4                TIM8_TRG_COM_TIM14_IRQHandler
                0x080026a4                TIM1_UP_TIM10_IRQHandler
                0x080026a4                TIM8_UP_TIM13_IRQHandler
                0x080026a4                I2C3_ER_IRQHandler
                0x080026a4                EXTI0_IRQHandler
                0x080026a4                I2C2_EV_IRQHandler
                0x080026a4                DMA1_Stream2_IRQHandler
                0x080026a4                CAN1_RX0_IRQHandler
                0x080026a4                FPU_IRQHandler
                0x080026a4                OTG_HS_WKUP_IRQHandler
                0x080026a4                CAN2_SCE_IRQHandler
                0x080026a4                DMA2_Stream2_IRQHandler
                0x080026a4                SPI1_IRQHandler
                0x080026a4                TIM6_DAC_IRQHandler
                0x080026a4                DCMI_IRQHandler
                0x080026a4                CAN2_RX0_IRQHandler
                0x080026a4                DMA2_Stream3_IRQHandler
                0x080026a4                USART3_IRQHandler
                0x080026a4                CAN1_RX1_IRQHandler
                0x080026a4                UART5_IRQHandler
                0x080026a4                DMA2_Stream0_IRQHandler
                0x080026a4                TIM4_IRQHandler
                0x080026a4                I2C1_EV_IRQHandler
                0x080026a4                DMA1_Stream6_IRQHandler
                0x080026a4                DMA1_Stream1_IRQHandler
                0x080026a4                UART4_IRQHandler
                0x080026a4                TIM3_IRQHandler
                0x080026a4                RCC_IRQHandler
                0x080026a4                TIM8_BRK_TIM12_IRQHandler
                0x080026a4                Default_Handler
                0x080026a4                EXTI15_10_IRQHandler
                0x080026a4                ADC_IRQHandler
                0x080026a4                DMA1_Stream7_IRQHandler
                0x080026a4                CAN2_TX_IRQHandler
                0x080026a4                TIM5_IRQHandler
                0x080026a4                DMA2_Stream7_IRQHandler
                0x080026a4                I2C3_EV_IRQHandler
                0x080026a4                EXTI9_5_IRQHandler
                0x080026a4                RTC_WKUP_IRQHandler
                0x080026a4                ETH_WKUP_IRQHandler
                0x080026a4                SPI2_IRQHandler
                0x080026a4                OTG_HS_EP1_IN_IRQHandler
                0x080026a4                DMA1_Stream0_IRQHandler
                0x080026a4                CAN1_TX_IRQHandler
                0x080026a4                EXTI4_IRQHandler
                0x080026a4                FSMC_IRQHandler
                0x080026a4                ETH_IRQHandler
                0x080026a4                OTG_HS_EP1_OUT_IRQHandler
                0x080026a4                WWDG_IRQHandler
                0x080026a4                TIM2_IRQHandler
                0x080026a4                OTG_FS_WKUP_IRQHandler
                0x080026a4                TIM1_TRG_COM_TIM11_IRQHandler
                0x080026a4                OTG_HS_IRQHandler
                0x080026a4                EXTI1_IRQHandler
                0x080026a4                I2C2_ER_IRQHandler
                0x080026a4                DMA2_Stream1_IRQHandler
                0x080026a4                CAN1_SCE_IRQHandler
                0x080026a4                FLASH_IRQHandler
                0x080026a4                DMA2_Stream4_IRQHandler
                0x080026a4                USART1_IRQHandler
                0x080026a4                OTG_FS_IRQHandler
                0x080026a4                SPI3_IRQHandler
                0x080026a4                DMA1_Stream4_IRQHandler
                0x080026a4                I2C1_ER_IRQHandler
                0x080026a4                DMA2_Stream6_IRQHandler
                0x080026a4                DMA1_Stream3_IRQHandler
 .text.__udivmoddi4
                0x080026a6      0x2a0 d:/msys2/mingw64/bin/../lib/gcc/arm-none-eabi/12.2.0/thumb/v7e-m+fp/hard\libgcc.a(_udivmoddi4.o)
                0x080026a6                __udivmoddi4
 *(.glue_7)
 .glue_7        0x08002946        0x0 linker stubs
 *(.glue_7t)
 .glue_7t       0x08002946        0x0 linker stubs
 *(.eh_frame)
 *fill*         0x08002946        0x2 
 .eh_frame      0x08002948        0x0 d:/msys2/mingw64/bin/../lib/gcc/arm-none-eabi/12.2.0/thumb/v7e-m+fp/hard/crtbegin.o
 *(.init)
 .init          0x08002948        0x4 d:/msys2/mingw64/bin/../lib/gcc/arm-none-eabi/12.2.0/thumb/v7e-m+fp/hard/crti.o
                0x08002948                _init
 .init          0x0800294c        0x8 d:/msys2/mingw64/bin/../lib/gcc/arm-none-eabi/12.2.0/thumb/v7e-m+fp/hard/crtn.o
 *(.fini)
 .fini          0x08002954        0x4 d:/msys2/mingw64/bin/../lib/gcc/arm-none-eabi/12.2.0/thumb/v7e-m+fp/hard/crti.o
                0x08002954                _fini
 .fini          0x08002958        0x8 d:/msys2/mingw64/bin/../lib/gcc/arm-none-eabi/12.2.0/thumb/v7e-m+fp/hard/crtn.o
                0x08002960                        . = ALIGN (0x4)
                0x08002960                        _etext = .

.vfp11_veneer   0x08002960        0x0
 .vfp11_veneer  0x08002960        0x0 linker stubs

.v4_bx          0x08002960        0x0
 .v4_bx         0x08002960        0x0 linker stubs

.iplt           0x08002960        0x0
 .iplt          0x08002960        0x0 d:/msys2/mingw64/bin/../lib/gcc/arm-none-eabi/12.2.0/thumb/v7e-m+fp/hard/crtbegin.o

.rodata         0x08002960       0x18
                0x08002960                        . = ALIGN (0x4)
 *(.rodata)
 *(.rodata*)
 .rodata.APBPrescTable
                0x08002960        0x8 build/system_stm32f4xx.o
                0x08002960                APBPrescTable
 .rodata.AHBPrescTable
                0x08002968       0x10 build/system_stm32f4xx.o
                0x08002968                AHBPrescTable
                0x08002978                        . = ALIGN (0x4)

.ARM.extab
 *(.ARM.extab* .gnu.linkonce.armextab.*)

.ARM            0x08002978        0x8
                0x08002978                        __exidx_start = .
 *(.ARM.exidx*)
 .ARM.exidx.text.__udivmoddi4
                0x08002978        0x8 d:/msys2/mingw64/bin/../lib/gcc/arm-none-eabi/12.2.0/thumb/v7e-m+fp/hard\libgcc.a(_udivmoddi4.o)
                0x08002980                        __exidx_end = .

.rel.dyn        0x08002980        0x0
 .rel.iplt      0x08002980        0x0 d:/msys2/mingw64/bin/../lib/gcc/arm-none-eabi/12.2.0/thumb/v7e-m+fp/hard/crtbegin.o

.preinit_array  0x08002980        0x0
                0x08002980                        PROVIDE (__preinit_array_start = .)
 *(.preinit_array*)
                0x08002980                        PROVIDE (__preinit_array_end = .)

.init_array     0x08002980        0x4
                0x08002980                        PROVIDE (__init_array_start = .)
 *(SORT_BY_NAME(.init_array.*))
 *(.init_array*)
 .init_array    0x08002980        0x4 d:/msys2/mingw64/bin/../lib/gcc/arm-none-eabi/12.2.0/thumb/v7e-m+fp/hard/crtbegin.o
                0x08002984                        PROVIDE (__init_array_end = .)

.fini_array     0x08002984        0x4
                0x08002984                        PROVIDE (__fini_array_start = .)
 *(SORT_BY_NAME(.fini_array.*))
 *(.fini_array*)
 .fini_array    0x08002984        0x4 d:/msys2/mingw64/bin/../lib/gcc/arm-none-eabi/12.2.0/thumb/v7e-m+fp/hard/crtbegin.o
                0x08002988                        PROVIDE (__fini_array_end = .)
                0x08002988                        _sidata = LOADADDR (.data)

.data           0x20000000       0x3c load address 0x08002988
                0x20000000                        . = ALIGN (0x4)
                0x20000000                        _sdata = .
 *(.data)
 *(.data*)
 .data.uwTickFreq
                0x20000000        0x1 build/stm32f4xx_hal.o
                0x20000000                uwTickFreq
 *fill*         0x20000001        0x3 
 .data.uwTickPrio
                0x20000004        0x4 build/stm32f4xx_hal.o
                0x20000004                uwTickPrio
 .data.MASK     0x20000008       0x20 build/PS2.o
                0x20000008                MASK
 .data.Comd     0x20000028        0x2 build/PS2.o
                0x20000028                Comd
 *fill*         0x2000002a        0x2 
 .data.wifi_order
                0x2000002c        0xc build/motor_controll.o
                0x2000002c                wifi_order
 .data.SystemCoreClock
                0x20000038        0x4 build/system_stm32f4xx.o
                0x20000038                SystemCoreClock
                0x2000003c                        . = ALIGN (0x4)
                0x2000003c                        _edata = .
                0x080029c4                        _siccmram = LOADADDR (.ccmram)

.igot.plt       0x2000003c        0x0 load address 0x080029c4
 .igot.plt      0x2000003c        0x0 d:/msys2/mingw64/bin/../lib/gcc/arm-none-eabi/12.2.0/thumb/v7e-m+fp/hard/crtbegin.o

.ccmram         0x10000000        0x0 load address 0x080029c4
                0x10000000                        . = ALIGN (0x4)
                0x10000000                        _sccmram = .
 *(.ccmram)
 *(.ccmram*)
                0x10000000                        . = ALIGN (0x4)
                0x10000000                        _eccmram = .
                0x10000000                        . = ALIGN (0x4)

.bss            0x20000040      0x1a0
                0x20000040                        _sbss = .
                0x20000040                        __bss_start__ = _sbss
 *(.bss)
 *(.bss*)
 .bss.completed.1
                0x20000040        0x1 d:/msys2/mingw64/bin/../lib/gcc/arm-none-eabi/12.2.0/thumb/v7e-m+fp/hard/crtbegin.o
 *fill*         0x20000041        0x3 
 .bss.object.0  0x20000044       0x18 d:/msys2/mingw64/bin/../lib/gcc/arm-none-eabi/12.2.0/thumb/v7e-m+fp/hard/crtbegin.o
 .bss.tof_flag  0x2000005c        0x2 build/main.o
                0x2000005c                tof_flag
 .bss.wifi_order_fin
                0x2000005e        0x2 build/main.o
                0x2000005e                wifi_order_fin
 .bss.tof_diatance
                0x20000060        0x2 build/main.o
                0x20000060                tof_diatance
 *fill*         0x20000062        0x2 
 .bss.rxdatabuffer
                0x20000064        0x2 build/main.o
                0x20000064                rxdatabuffer
 *fill*         0x20000066        0x2 
 .bss.huart6    0x20000068       0x44 build/usart.o
                0x20000068                huart6
 *fill*         0x200000ac        0x4 
 .bss.huart2    0x200000b0       0x44 build/usart.o
                0x200000b0                huart2
 *fill*         0x200000f4        0x4 
 .bss.huart1    0x200000f8       0x44 build/usart.o
                0x200000f8                huart1
 .bss.uwTick    0x2000013c        0x4 build/stm32f4xx_hal.o
                0x2000013c                uwTick
 .bss.htim9     0x20000140       0x48 build/tim.o
                0x20000140                htim9
 .bss.htim7     0x20000188       0x48 build/stm32f4xx_hal_timebase_tim.o
                0x20000188                htim7
 .bss.Data      0x200001d0        0x9 build/PS2.o
                0x200001d0                Data
 *fill*         0x200001d9        0x1 
 .bss.Handkey   0x200001da        0x2 build/PS2.o
                0x200001da                Handkey
 .bss.Flag      0x200001dc        0x1 build/motor_controll.o
                0x200001dc                Flag
 *(COMMON)
                0x200001e0                        . = ALIGN (0x4)
 *fill*         0x200001dd        0x3 
                0x200001e0                        _ebss = .
                0x200001e0                        __bss_end__ = _ebss

._user_heap_stack
                0x200001e0      0x600
                0x200001e0                        . = ALIGN (0x8)
                0x200001e0                        PROVIDE (end = .)
                [!provide]                        PROVIDE (_end = .)
                0x200003e0                        . = (. + _Min_Heap_Size)
 *fill*         0x200001e0      0x200 
                0x200007e0                        . = (. + _Min_Stack_Size)
 *fill*         0x200003e0      0x400 
                0x200007e0                        . = ALIGN (0x8)

/DISCARD/
 libc.a(*)
 libm.a(*)
 libgcc.a(*)

.ARM.attributes
                0x00000000       0x30
 *(.ARM.attributes)
 .ARM.attributes
                0x00000000       0x22 d:/msys2/mingw64/bin/../lib/gcc/arm-none-eabi/12.2.0/thumb/v7e-m+fp/hard/crti.o
 .ARM.attributes
                0x00000022       0x34 d:/msys2/mingw64/bin/../lib/gcc/arm-none-eabi/12.2.0/thumb/v7e-m+fp/hard/crtbegin.o
 .ARM.attributes
                0x00000056       0x34 build/main.o
 .ARM.attributes
                0x0000008a       0x34 build/gpio.o
 .ARM.attributes
                0x000000be       0x34 build/usart.o
 .ARM.attributes
                0x000000f2       0x34 build/stm32f4xx_it.o
 .ARM.attributes
                0x00000126       0x34 build/stm32f4xx_hal_msp.o
 .ARM.attributes
                0x0000015a       0x34 build/stm32f4xx_hal_tim.o
 .ARM.attributes
                0x0000018e       0x34 build/stm32f4xx_hal_tim_ex.o
 .ARM.attributes
                0x000001c2       0x34 build/stm32f4xx_hal_uart.o
 .ARM.attributes
                0x000001f6       0x34 build/stm32f4xx_hal_rcc.o
 .ARM.attributes
                0x0000022a       0x34 build/stm32f4xx_hal_gpio.o
 .ARM.attributes
                0x0000025e       0x34 build/stm32f4xx_hal_dma.o
 .ARM.attributes
                0x00000292       0x34 build/stm32f4xx_hal_cortex.o
 .ARM.attributes
                0x000002c6       0x34 build/stm32f4xx_hal.o
 .ARM.attributes
                0x000002fa       0x34 build/tim.o
 .ARM.attributes
                0x0000032e       0x34 build/stm32f4xx_hal_timebase_tim.o
 .ARM.attributes
                0x00000362       0x34 build/PS2.o
 .ARM.attributes
                0x00000396       0x34 build/motor_controll.o
 .ARM.attributes
                0x000003ca       0x34 build/system_stm32f4xx.o
 .ARM.attributes
                0x000003fe       0x21 build/startup_stm32f407xx.o
 .ARM.attributes
                0x0000041f       0x34 d:/msys2/mingw64/bin/../lib/gcc/arm-none-eabi/12.2.0/../../../../arm-none-eabi/lib/thumb/v7e-m+fp/hard\libc_nano.a(libc_a-init.o)
 .ARM.attributes
                0x00000453       0x22 d:/msys2/mingw64/bin/../lib/gcc/arm-none-eabi/12.2.0/thumb/v7e-m+fp/hard\libgcc.a(_aeabi_uldivmod.o)
 .ARM.attributes
                0x00000475       0x34 d:/msys2/mingw64/bin/../lib/gcc/arm-none-eabi/12.2.0/thumb/v7e-m+fp/hard\libgcc.a(_udivmoddi4.o)
 .ARM.attributes
                0x000004a9       0x22 d:/msys2/mingw64/bin/../lib/gcc/arm-none-eabi/12.2.0/thumb/v7e-m+fp/hard\libgcc.a(_dvmd_tls.o)
 .ARM.attributes
                0x000004cb       0x22 d:/msys2/mingw64/bin/../lib/gcc/arm-none-eabi/12.2.0/thumb/v7e-m+fp/hard/crtn.o
OUTPUT(build/PS2_controll.elf elf32-littlearm)
LOAD linker stubs
LOAD d:/msys2/mingw64/bin/../lib/gcc/arm-none-eabi/12.2.0/../../../../arm-none-eabi/lib/thumb/v7e-m+fp/hard\libc.a
LOAD d:/msys2/mingw64/bin/../lib/gcc/arm-none-eabi/12.2.0/../../../../arm-none-eabi/lib/thumb/v7e-m+fp/hard\libm.a
LOAD d:/msys2/mingw64/bin/../lib/gcc/arm-none-eabi/12.2.0/thumb/v7e-m+fp/hard\libgcc.a

.debug_info     0x00000000    0x18618
 .debug_info    0x00000000     0x144c build/main.o
 .debug_info    0x0000144c      0x6e9 build/gpio.o
 .debug_info    0x00001b35     0x100b build/usart.o
 .debug_info    0x00002b40      0xb3e build/stm32f4xx_it.o
 .debug_info    0x0000367e      0x2ee build/stm32f4xx_hal_msp.o
 .debug_info    0x0000396c     0x5330 build/stm32f4xx_hal_tim.o
 .debug_info    0x00008c9c     0x1e6a build/stm32f4xx_hal_tim_ex.o
 .debug_info    0x0000ab06     0x4ca3 build/stm32f4xx_hal_uart.o
 .debug_info    0x0000f7a9      0xc73 build/stm32f4xx_hal_rcc.o
 .debug_info    0x0001041c      0x84a build/stm32f4xx_hal_gpio.o
 .debug_info    0x00010c66      0xc13 build/stm32f4xx_hal_dma.o
 .debug_info    0x00011879     0x11ca build/stm32f4xx_hal_cortex.o
 .debug_info    0x00012a43      0xb2c build/stm32f4xx_hal.o
 .debug_info    0x0001356f      0xd7e build/tim.o
 .debug_info    0x000142ed      0xddb build/stm32f4xx_hal_timebase_tim.o
 .debug_info    0x000150c8     0x17e9 build/PS2.o
 .debug_info    0x000168b1      0xf1f build/motor_controll.o
 .debug_info    0x000177d0      0x5b3 build/system_stm32f4xx.o
 .debug_info    0x00017d83       0x30 build/startup_stm32f407xx.o
 .debug_info    0x00017db3      0x10b d:/msys2/mingw64/bin/../lib/gcc/arm-none-eabi/12.2.0/../../../../arm-none-eabi/lib/thumb/v7e-m+fp/hard\libc_nano.a(libc_a-init.o)
 .debug_info    0x00017ebe       0x24 d:/msys2/mingw64/bin/../lib/gcc/arm-none-eabi/12.2.0/thumb/v7e-m+fp/hard\libgcc.a(_aeabi_uldivmod.o)
 .debug_info    0x00017ee2      0x6fd d:/msys2/mingw64/bin/../lib/gcc/arm-none-eabi/12.2.0/thumb/v7e-m+fp/hard\libgcc.a(_udivmoddi4.o)
 .debug_info    0x000185df       0x39 d:/msys2/mingw64/bin/../lib/gcc/arm-none-eabi/12.2.0/thumb/v7e-m+fp/hard\libgcc.a(_dvmd_tls.o)

.debug_abbrev   0x00000000     0x319d
 .debug_abbrev  0x00000000      0x327 build/main.o
 .debug_abbrev  0x00000327      0x169 build/gpio.o
 .debug_abbrev  0x00000490      0x26f build/usart.o
 .debug_abbrev  0x000006ff      0x1bb build/stm32f4xx_it.o
 .debug_abbrev  0x000008ba       0xd1 build/stm32f4xx_hal_msp.o
 .debug_abbrev  0x0000098b      0x3a2 build/stm32f4xx_hal_tim.o
 .debug_abbrev  0x00000d2d      0x39f build/stm32f4xx_hal_tim_ex.o
 .debug_abbrev  0x000010cc      0x451 build/stm32f4xx_hal_uart.o
 .debug_abbrev  0x0000151d      0x381 build/stm32f4xx_hal_rcc.o
 .debug_abbrev  0x0000189e      0x23d build/stm32f4xx_hal_gpio.o
 .debug_abbrev  0x00001adb      0x350 build/stm32f4xx_hal_dma.o
 .debug_abbrev  0x00001e2b      0x389 build/stm32f4xx_hal_cortex.o
 .debug_abbrev  0x000021b4      0x288 build/stm32f4xx_hal.o
 .debug_abbrev  0x0000243c      0x230 build/tim.o
 .debug_abbrev  0x0000266c      0x22b build/stm32f4xx_hal_timebase_tim.o
 .debug_abbrev  0x00002897      0x340 build/PS2.o
 .debug_abbrev  0x00002bd7      0x228 build/motor_controll.o
 .debug_abbrev  0x00002dff      0x11b build/system_stm32f4xx.o
 .debug_abbrev  0x00002f1a       0x1d build/startup_stm32f407xx.o
 .debug_abbrev  0x00002f37       0xc9 d:/msys2/mingw64/bin/../lib/gcc/arm-none-eabi/12.2.0/../../../../arm-none-eabi/lib/thumb/v7e-m+fp/hard\libc_nano.a(libc_a-init.o)
 .debug_abbrev  0x00003000       0x14 d:/msys2/mingw64/bin/../lib/gcc/arm-none-eabi/12.2.0/thumb/v7e-m+fp/hard\libgcc.a(_aeabi_uldivmod.o)
 .debug_abbrev  0x00003014      0x16a d:/msys2/mingw64/bin/../lib/gcc/arm-none-eabi/12.2.0/thumb/v7e-m+fp/hard\libgcc.a(_udivmoddi4.o)
 .debug_abbrev  0x0000317e       0x1f d:/msys2/mingw64/bin/../lib/gcc/arm-none-eabi/12.2.0/thumb/v7e-m+fp/hard\libgcc.a(_dvmd_tls.o)

.debug_loc      0x00000000    0x1274f
 .debug_loc     0x00000000      0x15e build/main.o
 .debug_loc     0x0000015e       0x39 build/gpio.o
 .debug_loc     0x00000197      0x27d build/usart.o
 .debug_loc     0x00000414       0x2c build/stm32f4xx_hal_msp.o
 .debug_loc     0x00000440     0x7f16 build/stm32f4xx_hal_tim.o
 .debug_loc     0x00008356     0x1d11 build/stm32f4xx_hal_tim_ex.o
 .debug_loc     0x0000a067     0x5786 build/stm32f4xx_hal_uart.o
 .debug_loc     0x0000f7ed      0x672 build/stm32f4xx_hal_rcc.o
 .debug_loc     0x0000fe5f      0x62b build/stm32f4xx_hal_gpio.o
 .debug_loc     0x0001048a      0xbc7 build/stm32f4xx_hal_dma.o
 .debug_loc     0x00011051      0x883 build/stm32f4xx_hal_cortex.o
 .debug_loc     0x000118d4      0x208 build/stm32f4xx_hal.o
 .debug_loc     0x00011adc       0xde build/tim.o
 .debug_loc     0x00011bba      0x136 build/stm32f4xx_hal_timebase_tim.o
 .debug_loc     0x00011cf0      0x6d3 build/PS2.o
 .debug_loc     0x000123c3      0x25d build/motor_controll.o
 .debug_loc     0x00012620      0x12f build/system_stm32f4xx.o

.debug_aranges  0x00000000      0xd10
 .debug_aranges
                0x00000000       0x48 build/main.o
 .debug_aranges
                0x00000048       0x20 build/gpio.o
 .debug_aranges
                0x00000068       0x48 build/usart.o
 .debug_aranges
                0x000000b0       0x80 build/stm32f4xx_it.o
 .debug_aranges
                0x00000130       0x20 build/stm32f4xx_hal_msp.o
 .debug_aranges
                0x00000150      0x380 build/stm32f4xx_hal_tim.o
 .debug_aranges
                0x000004d0      0x160 build/stm32f4xx_hal_tim_ex.o
 .debug_aranges
                0x00000630      0x1d0 build/stm32f4xx_hal_uart.o
 .debug_aranges
                0x00000800       0x88 build/stm32f4xx_hal_rcc.o
 .debug_aranges
                0x00000888       0x58 build/stm32f4xx_hal_gpio.o
 .debug_aranges
                0x000008e0       0x78 build/stm32f4xx_hal_dma.o
 .debug_aranges
                0x00000958       0xa8 build/stm32f4xx_hal_cortex.o
 .debug_aranges
                0x00000a00       0xf0 build/stm32f4xx_hal.o
 .debug_aranges
                0x00000af0       0x30 build/tim.o
 .debug_aranges
                0x00000b20       0x30 build/stm32f4xx_hal_timebase_tim.o
 .debug_aranges
                0x00000b50       0x88 build/PS2.o
 .debug_aranges
                0x00000bd8       0x68 build/motor_controll.o
 .debug_aranges
                0x00000c40       0x28 build/system_stm32f4xx.o
 .debug_aranges
                0x00000c68       0x28 build/startup_stm32f407xx.o
 .debug_aranges
                0x00000c90       0x20 d:/msys2/mingw64/bin/../lib/gcc/arm-none-eabi/12.2.0/../../../../arm-none-eabi/lib/thumb/v7e-m+fp/hard\libc_nano.a(libc_a-init.o)
 .debug_aranges
                0x00000cb0       0x20 d:/msys2/mingw64/bin/../lib/gcc/arm-none-eabi/12.2.0/thumb/v7e-m+fp/hard\libgcc.a(_aeabi_uldivmod.o)
 .debug_aranges
                0x00000cd0       0x20 d:/msys2/mingw64/bin/../lib/gcc/arm-none-eabi/12.2.0/thumb/v7e-m+fp/hard\libgcc.a(_udivmoddi4.o)
 .debug_aranges
                0x00000cf0       0x20 d:/msys2/mingw64/bin/../lib/gcc/arm-none-eabi/12.2.0/thumb/v7e-m+fp/hard\libgcc.a(_dvmd_tls.o)

.debug_ranges   0x00000000     0x1a20
 .debug_ranges  0x00000000       0x88 build/main.o
 .debug_ranges  0x00000088       0x48 build/gpio.o
 .debug_ranges  0x000000d0       0xd0 build/usart.o
 .debug_ranges  0x000001a0       0x70 build/stm32f4xx_it.o
 .debug_ranges  0x00000210       0x28 build/stm32f4xx_hal_msp.o
 .debug_ranges  0x00000238      0x920 build/stm32f4xx_hal_tim.o
 .debug_ranges  0x00000b58      0x238 build/stm32f4xx_hal_tim_ex.o
 .debug_ranges  0x00000d90      0x440 build/stm32f4xx_hal_uart.o
 .debug_ranges  0x000011d0      0x140 build/stm32f4xx_hal_rcc.o
 .debug_ranges  0x00001310       0x60 build/stm32f4xx_hal_gpio.o
 .debug_ranges  0x00001370      0x100 build/stm32f4xx_hal_dma.o
 .debug_ranges  0x00001470      0x190 build/stm32f4xx_hal_cortex.o
 .debug_ranges  0x00001600       0xe0 build/stm32f4xx_hal.o
 .debug_ranges  0x000016e0       0x40 build/tim.o
 .debug_ranges  0x00001720       0x40 build/stm32f4xx_hal_timebase_tim.o
 .debug_ranges  0x00001760      0x190 build/PS2.o
 .debug_ranges  0x000018f0       0xf8 build/motor_controll.o
 .debug_ranges  0x000019e8       0x18 build/system_stm32f4xx.o
 .debug_ranges  0x00001a00       0x20 build/startup_stm32f407xx.o

.debug_line     0x00000000    0x11b85
 .debug_line    0x00000000      0x48f build/main.o
 .debug_line    0x0000048f      0x25b build/gpio.o
 .debug_line    0x000006ea      0x481 build/usart.o
 .debug_line    0x00000b6b      0x2d6 build/stm32f4xx_it.o
 .debug_line    0x00000e41      0x11f build/stm32f4xx_hal_msp.o
 .debug_line    0x00000f60     0x5e83 build/stm32f4xx_hal_tim.o
 .debug_line    0x00006de3     0x1916 build/stm32f4xx_hal_tim_ex.o
 .debug_line    0x000086f9     0x4657 build/stm32f4xx_hal_uart.o
 .debug_line    0x0000cd50      0xb72 build/stm32f4xx_hal_rcc.o
 .debug_line    0x0000d8c2      0x7cb build/stm32f4xx_hal_gpio.o
 .debug_line    0x0000e08d      0xf01 build/stm32f4xx_hal_dma.o
 .debug_line    0x0000ef8e      0x7bf build/stm32f4xx_hal_cortex.o
 .debug_line    0x0000f74d      0x56e build/stm32f4xx_hal.o
 .debug_line    0x0000fcbb      0x25d build/tim.o
 .debug_line    0x0000ff18      0x2a7 build/stm32f4xx_hal_timebase_tim.o
 .debug_line    0x000101bf      0xb15 build/PS2.o
 .debug_line    0x00010cd4      0x532 build/motor_controll.o
 .debug_line    0x00011206      0x1e5 build/system_stm32f4xx.o
 .debug_line    0x000113eb       0x73 build/startup_stm32f407xx.o
 .debug_line    0x0001145e      0x144 d:/msys2/mingw64/bin/../lib/gcc/arm-none-eabi/12.2.0/../../../../arm-none-eabi/lib/thumb/v7e-m+fp/hard\libc_nano.a(libc_a-init.o)
 .debug_line    0x000115a2       0x4e d:/msys2/mingw64/bin/../lib/gcc/arm-none-eabi/12.2.0/thumb/v7e-m+fp/hard\libgcc.a(_aeabi_uldivmod.o)
 .debug_line    0x000115f0      0x54b d:/msys2/mingw64/bin/../lib/gcc/arm-none-eabi/12.2.0/thumb/v7e-m+fp/hard\libgcc.a(_udivmoddi4.o)
 .debug_line    0x00011b3b       0x4a d:/msys2/mingw64/bin/../lib/gcc/arm-none-eabi/12.2.0/thumb/v7e-m+fp/hard\libgcc.a(_dvmd_tls.o)

.debug_str      0x00000000     0x45d2
 .debug_str     0x00000000     0x45d2 build/main.o
                                0xd61 (size before relaxing)
 .debug_str     0x000045d2      0x354 build/gpio.o
 .debug_str     0x000045d2      0xd71 build/usart.o
 .debug_str     0x000045d2      0x9bb build/stm32f4xx_it.o
 .debug_str     0x000045d2      0x295 build/stm32f4xx_hal_msp.o
 .debug_str     0x000045d2     0x16c4 build/stm32f4xx_hal_tim.o
 .debug_str     0x000045d2      0xee0 build/stm32f4xx_hal_tim_ex.o
 .debug_str     0x000045d2      0xd2e build/stm32f4xx_hal_uart.o
 .debug_str     0x000045d2      0x6db build/stm32f4xx_hal_rcc.o
 .debug_str     0x000045d2      0x4b5 build/stm32f4xx_hal_gpio.o
 .debug_str     0x000045d2      0x74b build/stm32f4xx_hal_dma.o
 .debug_str     0x000045d2      0xc01 build/stm32f4xx_hal_cortex.o
 .debug_str     0x000045d2      0xb39 build/stm32f4xx_hal.o
 .debug_str     0x000045d2      0xdef build/tim.o
 .debug_str     0x000045d2      0xe41 build/stm32f4xx_hal_timebase_tim.o
 .debug_str     0x000045d2      0x332 build/PS2.o
 .debug_str     0x000045d2      0x30b build/motor_controll.o
 .debug_str     0x000045d2      0x34a build/system_stm32f4xx.o
 .debug_str     0x000045d2       0x5e build/startup_stm32f407xx.o
 .debug_str     0x000045d2      0x1e8 d:/msys2/mingw64/bin/../lib/gcc/arm-none-eabi/12.2.0/../../../../arm-none-eabi/lib/thumb/v7e-m+fp/hard\libc_nano.a(libc_a-init.o)
 .debug_str     0x000045d2       0xb4 d:/msys2/mingw64/bin/../lib/gcc/arm-none-eabi/12.2.0/thumb/v7e-m+fp/hard\libgcc.a(_aeabi_uldivmod.o)
 .debug_str     0x000045d2      0x6bd d:/msys2/mingw64/bin/../lib/gcc/arm-none-eabi/12.2.0/thumb/v7e-m+fp/hard\libgcc.a(_udivmoddi4.o)
 .debug_str     0x000045d2       0xd4 d:/msys2/mingw64/bin/../lib/gcc/arm-none-eabi/12.2.0/thumb/v7e-m+fp/hard\libgcc.a(_dvmd_tls.o)

.comment        0x00000000       0x12
 .comment       0x00000000       0x12 build/main.o
                                 0x13 (size before relaxing)
 .comment       0x00000012       0x13 build/gpio.o
 .comment       0x00000012       0x13 build/usart.o
 .comment       0x00000012       0x13 build/stm32f4xx_it.o
 .comment       0x00000012       0x13 build/stm32f4xx_hal_msp.o
 .comment       0x00000012       0x13 build/stm32f4xx_hal_tim.o
 .comment       0x00000012       0x13 build/stm32f4xx_hal_tim_ex.o
 .comment       0x00000012       0x13 build/stm32f4xx_hal_uart.o
 .comment       0x00000012       0x13 build/stm32f4xx_hal_rcc.o
 .comment       0x00000012       0x13 build/stm32f4xx_hal_gpio.o
 .comment       0x00000012       0x13 build/stm32f4xx_hal_dma.o
 .comment       0x00000012       0x13 build/stm32f4xx_hal_cortex.o
 .comment       0x00000012       0x13 build/stm32f4xx_hal.o
 .comment       0x00000012       0x13 build/tim.o
 .comment       0x00000012       0x13 build/stm32f4xx_hal_timebase_tim.o
 .comment       0x00000012       0x13 build/PS2.o
 .comment       0x00000012       0x13 build/motor_controll.o
 .comment       0x00000012       0x13 build/system_stm32f4xx.o
 .comment       0x00000012       0x13 d:/msys2/mingw64/bin/../lib/gcc/arm-none-eabi/12.2.0/../../../../arm-none-eabi/lib/thumb/v7e-m+fp/hard\libc_nano.a(libc_a-init.o)
 .comment       0x00000012       0x13 d:/msys2/mingw64/bin/../lib/gcc/arm-none-eabi/12.2.0/thumb/v7e-m+fp/hard\libgcc.a(_udivmoddi4.o)

.debug_frame    0x00000000     0x2370
 .debug_frame   0x00000000       0xb4 build/main.o
 .debug_frame   0x000000b4       0x3c build/gpio.o
 .debug_frame   0x000000f0       0xe0 build/usart.o
 .debug_frame   0x000001d0       0xe0 build/stm32f4xx_it.o
 .debug_frame   0x000002b0       0x28 build/stm32f4xx_hal_msp.o
 .debug_frame   0x000002d8      0xadc build/stm32f4xx_hal_tim.o
 .debug_frame   0x00000db4      0x418 build/stm32f4xx_hal_tim_ex.o
 .debug_frame   0x000011cc      0x5c4 build/stm32f4xx_hal_uart.o
 .debug_frame   0x00001790      0x178 build/stm32f4xx_hal_rcc.o
 .debug_frame   0x00001908       0xe0 build/stm32f4xx_hal_gpio.o
 .debug_frame   0x000019e8      0x17c build/stm32f4xx_hal_dma.o
 .debug_frame   0x00001b64      0x164 build/stm32f4xx_hal_cortex.o
 .debug_frame   0x00001cc8      0x1f4 build/stm32f4xx_hal.o
 .debug_frame   0x00001ebc       0x64 build/tim.o
 .debug_frame   0x00001f20       0x54 build/stm32f4xx_hal_timebase_tim.o
 .debug_frame   0x00001f74      0x1a8 build/PS2.o
 .debug_frame   0x0000211c      0x198 build/motor_controll.o
 .debug_frame   0x000022b4       0x30 build/system_stm32f4xx.o
 .debug_frame   0x000022e4       0x2c d:/msys2/mingw64/bin/../lib/gcc/arm-none-eabi/12.2.0/../../../../arm-none-eabi/lib/thumb/v7e-m+fp/hard\libc_nano.a(libc_a-init.o)
 .debug_frame   0x00002310       0x2c d:/msys2/mingw64/bin/../lib/gcc/arm-none-eabi/12.2.0/thumb/v7e-m+fp/hard\libgcc.a(_aeabi_uldivmod.o)
 .debug_frame   0x0000233c       0x34 d:/msys2/mingw64/bin/../lib/gcc/arm-none-eabi/12.2.0/thumb/v7e-m+fp/hard\libgcc.a(_udivmoddi4.o)

.debug_loclists
                0x00000000      0x7cd
 .debug_loclists
                0x00000000       0x65 d:/msys2/mingw64/bin/../lib/gcc/arm-none-eabi/12.2.0/../../../../arm-none-eabi/lib/thumb/v7e-m+fp/hard\libc_nano.a(libc_a-init.o)
 .debug_loclists
                0x00000065      0x768 d:/msys2/mingw64/bin/../lib/gcc/arm-none-eabi/12.2.0/thumb/v7e-m+fp/hard\libgcc.a(_udivmoddi4.o)

.debug_line_str
                0x00000000       0xb4
 .debug_line_str
                0x00000000       0xb4 d:/msys2/mingw64/bin/../lib/gcc/arm-none-eabi/12.2.0/thumb/v7e-m+fp/hard\libgcc.a(_aeabi_uldivmod.o)
                                 0xa8 (size before relaxing)
 .debug_line_str
                0x000000b4       0xac d:/msys2/mingw64/bin/../lib/gcc/arm-none-eabi/12.2.0/thumb/v7e-m+fp/hard\libgcc.a(_dvmd_tls.o)

.debug_rnglists
                0x00000000       0x6d
 .debug_rnglists
                0x00000000       0x6d d:/msys2/mingw64/bin/../lib/gcc/arm-none-eabi/12.2.0/thumb/v7e-m+fp/hard\libgcc.a(_udivmoddi4.o)

Cross Reference Table

Symbol                                            File
ADC_IRQHandler                                    build/startup_stm32f407xx.o
AHBPrescTable                                     build/system_stm32f4xx.o
                                                  build/stm32f4xx_hal_rcc.o
APBPrescTable                                     build/system_stm32f4xx.o
                                                  build/stm32f4xx_hal_rcc.o
BusFault_Handler                                  build/stm32f4xx_it.o
CAN1_RX0_IRQHandler                               build/startup_stm32f407xx.o
CAN1_RX1_IRQHandler                               build/startup_stm32f407xx.o
CAN1_SCE_IRQHandler                               build/startup_stm32f407xx.o
CAN1_TX_IRQHandler                                build/startup_stm32f407xx.o
CAN2_RX0_IRQHandler                               build/startup_stm32f407xx.o
CAN2_RX1_IRQHandler                               build/startup_stm32f407xx.o
CAN2_SCE_IRQHandler                               build/startup_stm32f407xx.o
CAN2_TX_IRQHandler                                build/startup_stm32f407xx.o
Comd                                              build/PS2.o
DCMI_IRQHandler                                   build/startup_stm32f407xx.o
DMA1_Stream0_IRQHandler                           build/startup_stm32f407xx.o
DMA1_Stream1_IRQHandler                           build/startup_stm32f407xx.o
DMA1_Stream2_IRQHandler                           build/startup_stm32f407xx.o
DMA1_Stream3_IRQHandler                           build/startup_stm32f407xx.o
DMA1_Stream4_IRQHandler                           build/startup_stm32f407xx.o
DMA1_Stream5_IRQHandler                           build/startup_stm32f407xx.o
DMA1_Stream6_IRQHandler                           build/startup_stm32f407xx.o
DMA1_Stream7_IRQHandler                           build/startup_stm32f407xx.o
DMA2_Stream0_IRQHandler                           build/startup_stm32f407xx.o
DMA2_Stream1_IRQHandler                           build/startup_stm32f407xx.o
DMA2_Stream2_IRQHandler                           build/startup_stm32f407xx.o
DMA2_Stream3_IRQHandler                           build/startup_stm32f407xx.o
DMA2_Stream4_IRQHandler                           build/startup_stm32f407xx.o
DMA2_Stream5_IRQHandler                           build/startup_stm32f407xx.o
DMA2_Stream6_IRQHandler                           build/startup_stm32f407xx.o
DMA2_Stream7_IRQHandler                           build/startup_stm32f407xx.o
Data                                              build/PS2.o
DebugMon_Handler                                  build/stm32f4xx_it.o
Default_Handler                                   build/startup_stm32f407xx.o
ETH_IRQHandler                                    build/startup_stm32f407xx.o
ETH_WKUP_IRQHandler                               build/startup_stm32f407xx.o
EXTI0_IRQHandler                                  build/startup_stm32f407xx.o
EXTI15_10_IRQHandler                              build/startup_stm32f407xx.o
EXTI1_IRQHandler                                  build/startup_stm32f407xx.o
EXTI2_IRQHandler                                  build/startup_stm32f407xx.o
EXTI3_IRQHandler                                  build/startup_stm32f407xx.o
EXTI4_IRQHandler                                  build/startup_stm32f407xx.o
EXTI9_5_IRQHandler                                build/startup_stm32f407xx.o
Error_Handler                                     build/main.o
                                                  build/tim.o
                                                  build/usart.o
FLASH_Erase_Sector                                build/stm32f4xx_hal_flash_ex.o
                                                  build/stm32f4xx_hal_flash.o
FLASH_FlushCaches                                 build/stm32f4xx_hal_flash_ex.o
                                                  build/stm32f4xx_hal_flash.o
FLASH_IRQHandler                                  build/startup_stm32f407xx.o
FLASH_WaitForLastOperation                        build/stm32f4xx_hal_flash.o
                                                  build/stm32f4xx_hal_flash_ex.o
FPU_IRQHandler                                    build/startup_stm32f407xx.o
FSMC_IRQHandler                                   build/startup_stm32f407xx.o
Flag                                              build/motor_controll.o
HAL_DBGMCU_DisableDBGSleepMode                    build/stm32f4xx_hal.o
HAL_DBGMCU_DisableDBGStandbyMode                  build/stm32f4xx_hal.o
HAL_DBGMCU_DisableDBGStopMode                     build/stm32f4xx_hal.o
HAL_DBGMCU_EnableDBGSleepMode                     build/stm32f4xx_hal.o
HAL_DBGMCU_EnableDBGStandbyMode                   build/stm32f4xx_hal.o
HAL_DBGMCU_EnableDBGStopMode                      build/stm32f4xx_hal.o
HAL_DMAEx_ChangeMemory                            build/stm32f4xx_hal_dma_ex.o
HAL_DMAEx_MultiBufferStart                        build/stm32f4xx_hal_dma_ex.o
HAL_DMAEx_MultiBufferStart_IT                     build/stm32f4xx_hal_dma_ex.o
HAL_DMA_Abort                                     build/stm32f4xx_hal_dma.o
                                                  build/stm32f4xx_hal_uart.o
HAL_DMA_Abort_IT                                  build/stm32f4xx_hal_dma.o
                                                  build/stm32f4xx_hal_uart.o
                                                  build/stm32f4xx_hal_tim_ex.o
                                                  build/stm32f4xx_hal_tim.o
HAL_DMA_DeInit                                    build/stm32f4xx_hal_dma.o
HAL_DMA_GetError                                  build/stm32f4xx_hal_dma.o
                                                  build/stm32f4xx_hal_uart.o
HAL_DMA_GetState                                  build/stm32f4xx_hal_dma.o
HAL_DMA_IRQHandler                                build/stm32f4xx_hal_dma.o
HAL_DMA_Init                                      build/stm32f4xx_hal_dma.o
HAL_DMA_PollForTransfer                           build/stm32f4xx_hal_dma.o
HAL_DMA_RegisterCallback                          build/stm32f4xx_hal_dma.o
HAL_DMA_Start                                     build/stm32f4xx_hal_dma.o
HAL_DMA_Start_IT                                  build/stm32f4xx_hal_dma.o
                                                  build/stm32f4xx_hal_uart.o
                                                  build/stm32f4xx_hal_tim_ex.o
                                                  build/stm32f4xx_hal_tim.o
HAL_DMA_UnRegisterCallback                        build/stm32f4xx_hal_dma.o
HAL_DeInit                                        build/stm32f4xx_hal.o
HAL_Delay                                         build/stm32f4xx_hal.o
HAL_DisableCompensationCell                       build/stm32f4xx_hal.o
HAL_EXTI_ClearConfigLine                          build/stm32f4xx_hal_exti.o
HAL_EXTI_ClearPending                             build/stm32f4xx_hal_exti.o
HAL_EXTI_GenerateSWI                              build/stm32f4xx_hal_exti.o
HAL_EXTI_GetConfigLine                            build/stm32f4xx_hal_exti.o
HAL_EXTI_GetHandle                                build/stm32f4xx_hal_exti.o
HAL_EXTI_GetPending                               build/stm32f4xx_hal_exti.o
HAL_EXTI_IRQHandler                               build/stm32f4xx_hal_exti.o
HAL_EXTI_RegisterCallback                         build/stm32f4xx_hal_exti.o
HAL_EXTI_SetConfigLine                            build/stm32f4xx_hal_exti.o
HAL_EnableCompensationCell                        build/stm32f4xx_hal.o
HAL_FLASHEx_Erase                                 build/stm32f4xx_hal_flash_ex.o
HAL_FLASHEx_Erase_IT                              build/stm32f4xx_hal_flash_ex.o
HAL_FLASHEx_OBGetConfig                           build/stm32f4xx_hal_flash_ex.o
HAL_FLASHEx_OBProgram                             build/stm32f4xx_hal_flash_ex.o
HAL_FLASH_EndOfOperationCallback                  build/stm32f4xx_hal_flash.o
HAL_FLASH_GetError                                build/stm32f4xx_hal_flash.o
HAL_FLASH_IRQHandler                              build/stm32f4xx_hal_flash.o
HAL_FLASH_Lock                                    build/stm32f4xx_hal_flash.o
HAL_FLASH_OB_Launch                               build/stm32f4xx_hal_flash.o
HAL_FLASH_OB_Lock                                 build/stm32f4xx_hal_flash.o
HAL_FLASH_OB_Unlock                               build/stm32f4xx_hal_flash.o
HAL_FLASH_OperationErrorCallback                  build/stm32f4xx_hal_flash.o
HAL_FLASH_Program                                 build/stm32f4xx_hal_flash.o
HAL_FLASH_Program_IT                              build/stm32f4xx_hal_flash.o
HAL_FLASH_Unlock                                  build/stm32f4xx_hal_flash.o
HAL_GPIO_DeInit                                   build/stm32f4xx_hal_gpio.o
                                                  build/usart.o
HAL_GPIO_EXTI_Callback                            build/main.o
HAL_GPIO_EXTI_IRQHandler                          build/stm32f4xx_hal_gpio.o
HAL_GPIO_Init                                     build/stm32f4xx_hal_gpio.o
                                                  build/stm32f4xx_hal_rcc.o
                                                  build/usart.o
                                                  build/gpio.o
HAL_GPIO_LockPin                                  build/stm32f4xx_hal_gpio.o
HAL_GPIO_ReadPin                                  build/stm32f4xx_hal_gpio.o
                                                  build/motor_controll.o
                                                  build/PS2.o
HAL_GPIO_TogglePin                                build/stm32f4xx_hal_gpio.o
                                                  build/main.o
HAL_GPIO_WritePin                                 build/stm32f4xx_hal_gpio.o
                                                  build/motor_controll.o
                                                  build/PS2.o
                                                  build/gpio.o
                                                  build/main.o
HAL_GetDEVID                                      build/stm32f4xx_hal.o
HAL_GetHalVersion                                 build/stm32f4xx_hal.o
HAL_GetREVID                                      build/stm32f4xx_hal.o
HAL_GetTick                                       build/stm32f4xx_hal.o
                                                  build/stm32f4xx_hal_pwr_ex.o
                                                  build/stm32f4xx_hal_dma.o
                                                  build/stm32f4xx_hal_flash.o
                                                  build/stm32f4xx_hal_rcc_ex.o
                                                  build/stm32f4xx_hal_rcc.o
                                                  build/stm32f4xx_hal_uart.o
                                                  build/main.o
HAL_GetTickFreq                                   build/stm32f4xx_hal.o
HAL_GetTickPrio                                   build/stm32f4xx_hal.o
HAL_GetUIDw0                                      build/stm32f4xx_hal.o
HAL_GetUIDw1                                      build/stm32f4xx_hal.o
HAL_GetUIDw2                                      build/stm32f4xx_hal.o
HAL_HalfDuplex_EnableReceiver                     build/stm32f4xx_hal_uart.o
HAL_HalfDuplex_EnableTransmitter                  build/stm32f4xx_hal_uart.o
HAL_HalfDuplex_Init                               build/stm32f4xx_hal_uart.o
HAL_IncTick                                       build/stm32f4xx_hal.o
                                                  build/main.o
HAL_Init                                          build/stm32f4xx_hal.o
                                                  build/main.o
HAL_InitTick                                      build/stm32f4xx_hal_timebase_tim.o
                                                  build/stm32f4xx_hal.o
                                                  build/stm32f4xx_hal_rcc_ex.o
                                                  build/stm32f4xx_hal_rcc.o
HAL_LIN_Init                                      build/stm32f4xx_hal_uart.o
HAL_LIN_SendBreak                                 build/stm32f4xx_hal_uart.o
HAL_MPU_ConfigRegion                              build/stm32f4xx_hal_cortex.o
HAL_MPU_Disable                                   build/stm32f4xx_hal_cortex.o
HAL_MPU_Enable                                    build/stm32f4xx_hal_cortex.o
HAL_MspDeInit                                     build/stm32f4xx_hal.o
HAL_MspInit                                       build/stm32f4xx_hal_msp.o
HAL_MultiProcessor_EnterMuteMode                  build/stm32f4xx_hal_uart.o
HAL_MultiProcessor_ExitMuteMode                   build/stm32f4xx_hal_uart.o
HAL_MultiProcessor_Init                           build/stm32f4xx_hal_uart.o
HAL_NVIC_ClearPendingIRQ                          build/stm32f4xx_hal_cortex.o
HAL_NVIC_DisableIRQ                               build/stm32f4xx_hal_cortex.o
                                                  build/tim.o
                                                  build/usart.o
HAL_NVIC_EnableIRQ                                build/stm32f4xx_hal_cortex.o
                                                  build/stm32f4xx_hal_timebase_tim.o
                                                  build/tim.o
                                                  build/usart.o
HAL_NVIC_GetActive                                build/stm32f4xx_hal_cortex.o
HAL_NVIC_GetPendingIRQ                            build/stm32f4xx_hal_cortex.o
HAL_NVIC_GetPriority                              build/stm32f4xx_hal_cortex.o
HAL_NVIC_GetPriorityGrouping                      build/stm32f4xx_hal_cortex.o
HAL_NVIC_SetPendingIRQ                            build/stm32f4xx_hal_cortex.o
HAL_NVIC_SetPriority                              build/stm32f4xx_hal_cortex.o
                                                  build/stm32f4xx_hal_timebase_tim.o
                                                  build/tim.o
                                                  build/stm32f4xx_hal.o
                                                  build/usart.o
HAL_NVIC_SetPriorityGrouping                      build/stm32f4xx_hal_cortex.o
                                                  build/stm32f4xx_hal.o
HAL_NVIC_SystemReset                              build/stm32f4xx_hal_cortex.o
HAL_PWREx_ControlVoltageScaling                   build/stm32f4xx_hal_pwr_ex.o
HAL_PWREx_DisableBkUpReg                          build/stm32f4xx_hal_pwr_ex.o
HAL_PWREx_DisableFlashPowerDown                   build/stm32f4xx_hal_pwr_ex.o
HAL_PWREx_EnableBkUpReg                           build/stm32f4xx_hal_pwr_ex.o
HAL_PWREx_EnableFlashPowerDown                    build/stm32f4xx_hal_pwr_ex.o
HAL_PWREx_GetVoltageRange                         build/stm32f4xx_hal_pwr_ex.o
HAL_PWR_ConfigPVD                                 build/stm32f4xx_hal_pwr.o
HAL_PWR_DeInit                                    build/stm32f4xx_hal_pwr.o
HAL_PWR_DisableBkUpAccess                         build/stm32f4xx_hal_pwr.o
HAL_PWR_DisablePVD                                build/stm32f4xx_hal_pwr.o
HAL_PWR_DisableSEVOnPend                          build/stm32f4xx_hal_pwr.o
HAL_PWR_DisableSleepOnExit                        build/stm32f4xx_hal_pwr.o
HAL_PWR_DisableWakeUpPin                          build/stm32f4xx_hal_pwr.o
HAL_PWR_EnableBkUpAccess                          build/stm32f4xx_hal_pwr.o
HAL_PWR_EnablePVD                                 build/stm32f4xx_hal_pwr.o
HAL_PWR_EnableSEVOnPend                           build/stm32f4xx_hal_pwr.o
HAL_PWR_EnableSleepOnExit                         build/stm32f4xx_hal_pwr.o
HAL_PWR_EnableWakeUpPin                           build/stm32f4xx_hal_pwr.o
HAL_PWR_EnterSLEEPMode                            build/stm32f4xx_hal_pwr.o
HAL_PWR_EnterSTANDBYMode                          build/stm32f4xx_hal_pwr.o
HAL_PWR_EnterSTOPMode                             build/stm32f4xx_hal_pwr.o
HAL_PWR_PVDCallback                               build/stm32f4xx_hal_pwr.o
HAL_PWR_PVD_IRQHandler                            build/stm32f4xx_hal_pwr.o
HAL_RCCEx_DisablePLLI2S                           build/stm32f4xx_hal_rcc_ex.o
HAL_RCCEx_EnablePLLI2S                            build/stm32f4xx_hal_rcc_ex.o
HAL_RCCEx_GetPeriphCLKConfig                      build/stm32f4xx_hal_rcc_ex.o
HAL_RCCEx_GetPeriphCLKFreq                        build/stm32f4xx_hal_rcc_ex.o
HAL_RCCEx_PeriphCLKConfig                         build/stm32f4xx_hal_rcc_ex.o
HAL_RCC_CSSCallback                               build/stm32f4xx_hal_rcc.o
HAL_RCC_ClockConfig                               build/stm32f4xx_hal_rcc.o
                                                  build/main.o
HAL_RCC_DeInit                                    build/stm32f4xx_hal_rcc_ex.o
                                                  build/stm32f4xx_hal_rcc.o
HAL_RCC_DisableCSS                                build/stm32f4xx_hal_rcc.o
HAL_RCC_EnableCSS                                 build/stm32f4xx_hal_rcc.o
HAL_RCC_GetClockConfig                            build/stm32f4xx_hal_rcc.o
                                                  build/stm32f4xx_hal_timebase_tim.o
HAL_RCC_GetHCLKFreq                               build/stm32f4xx_hal_rcc.o
                                                  build/PS2.o
HAL_RCC_GetOscConfig                              build/stm32f4xx_hal_rcc.o
HAL_RCC_GetPCLK1Freq                              build/stm32f4xx_hal_rcc.o
                                                  build/stm32f4xx_hal_timebase_tim.o
                                                  build/stm32f4xx_hal_uart.o
HAL_RCC_GetPCLK2Freq                              build/stm32f4xx_hal_rcc.o
                                                  build/stm32f4xx_hal_uart.o
HAL_RCC_GetSysClockFreq                           build/stm32f4xx_hal_rcc.o
HAL_RCC_MCOConfig                                 build/stm32f4xx_hal_rcc.o
HAL_RCC_NMI_IRQHandler                            build/stm32f4xx_hal_rcc.o
HAL_RCC_OscConfig                                 build/stm32f4xx_hal_rcc.o
                                                  build/main.o
HAL_ResumeTick                                    build/stm32f4xx_hal_timebase_tim.o
                                                  build/stm32f4xx_hal.o
HAL_SYSTICK_CLKSourceConfig                       build/stm32f4xx_hal_cortex.o
HAL_SYSTICK_Callback                              build/stm32f4xx_hal_cortex.o
HAL_SYSTICK_Config                                build/stm32f4xx_hal_cortex.o
                                                  build/stm32f4xx_hal.o
HAL_SYSTICK_IRQHandler                            build/stm32f4xx_hal_cortex.o
HAL_SetTickFreq                                   build/stm32f4xx_hal.o
HAL_SuspendTick                                   build/stm32f4xx_hal_timebase_tim.o
                                                  build/stm32f4xx_hal.o
HAL_TIMEx_BreakCallback                           build/stm32f4xx_hal_tim_ex.o
                                                  build/stm32f4xx_hal_tim.o
HAL_TIMEx_CommutCallback                          build/stm32f4xx_hal_tim_ex.o
                                                  build/stm32f4xx_hal_tim.o
HAL_TIMEx_CommutHalfCpltCallback                  build/stm32f4xx_hal_tim_ex.o
HAL_TIMEx_ConfigBreakDeadTime                     build/stm32f4xx_hal_tim_ex.o
HAL_TIMEx_ConfigCommutEvent                       build/stm32f4xx_hal_tim_ex.o
HAL_TIMEx_ConfigCommutEvent_DMA                   build/stm32f4xx_hal_tim_ex.o
HAL_TIMEx_ConfigCommutEvent_IT                    build/stm32f4xx_hal_tim_ex.o
HAL_TIMEx_GetChannelNState                        build/stm32f4xx_hal_tim_ex.o
HAL_TIMEx_HallSensor_DeInit                       build/stm32f4xx_hal_tim_ex.o
HAL_TIMEx_HallSensor_GetState                     build/stm32f4xx_hal_tim_ex.o
HAL_TIMEx_HallSensor_Init                         build/stm32f4xx_hal_tim_ex.o
HAL_TIMEx_HallSensor_MspDeInit                    build/stm32f4xx_hal_tim_ex.o
HAL_TIMEx_HallSensor_MspInit                      build/stm32f4xx_hal_tim_ex.o
HAL_TIMEx_HallSensor_Start                        build/stm32f4xx_hal_tim_ex.o
HAL_TIMEx_HallSensor_Start_DMA                    build/stm32f4xx_hal_tim_ex.o
HAL_TIMEx_HallSensor_Start_IT                     build/stm32f4xx_hal_tim_ex.o
HAL_TIMEx_HallSensor_Stop                         build/stm32f4xx_hal_tim_ex.o
HAL_TIMEx_HallSensor_Stop_DMA                     build/stm32f4xx_hal_tim_ex.o
HAL_TIMEx_HallSensor_Stop_IT                      build/stm32f4xx_hal_tim_ex.o
HAL_TIMEx_MasterConfigSynchronization             build/stm32f4xx_hal_tim_ex.o
HAL_TIMEx_OCN_Start                               build/stm32f4xx_hal_tim_ex.o
HAL_TIMEx_OCN_Start_DMA                           build/stm32f4xx_hal_tim_ex.o
HAL_TIMEx_OCN_Start_IT                            build/stm32f4xx_hal_tim_ex.o
HAL_TIMEx_OCN_Stop                                build/stm32f4xx_hal_tim_ex.o
HAL_TIMEx_OCN_Stop_DMA                            build/stm32f4xx_hal_tim_ex.o
HAL_TIMEx_OCN_Stop_IT                             build/stm32f4xx_hal_tim_ex.o
HAL_TIMEx_OnePulseN_Start                         build/stm32f4xx_hal_tim_ex.o
HAL_TIMEx_OnePulseN_Start_IT                      build/stm32f4xx_hal_tim_ex.o
HAL_TIMEx_OnePulseN_Stop                          build/stm32f4xx_hal_tim_ex.o
HAL_TIMEx_OnePulseN_Stop_IT                       build/stm32f4xx_hal_tim_ex.o
HAL_TIMEx_PWMN_Start                              build/stm32f4xx_hal_tim_ex.o
HAL_TIMEx_PWMN_Start_DMA                          build/stm32f4xx_hal_tim_ex.o
HAL_TIMEx_PWMN_Start_IT                           build/stm32f4xx_hal_tim_ex.o
HAL_TIMEx_PWMN_Stop                               build/stm32f4xx_hal_tim_ex.o
HAL_TIMEx_PWMN_Stop_DMA                           build/stm32f4xx_hal_tim_ex.o
HAL_TIMEx_PWMN_Stop_IT                            build/stm32f4xx_hal_tim_ex.o
HAL_TIMEx_RemapConfig                             build/stm32f4xx_hal_tim_ex.o
HAL_TIM_Base_DeInit                               build/stm32f4xx_hal_tim.o
HAL_TIM_Base_GetState                             build/stm32f4xx_hal_tim.o
HAL_TIM_Base_Init                                 build/stm32f4xx_hal_tim.o
                                                  build/stm32f4xx_hal_timebase_tim.o
                                                  build/tim.o
HAL_TIM_Base_MspDeInit                            build/tim.o
                                                  build/stm32f4xx_hal_tim.o
HAL_TIM_Base_MspInit                              build/tim.o
                                                  build/stm32f4xx_hal_tim.o
HAL_TIM_Base_Start                                build/stm32f4xx_hal_tim.o
HAL_TIM_Base_Start_DMA                            build/stm32f4xx_hal_tim.o
HAL_TIM_Base_Start_IT                             build/stm32f4xx_hal_tim.o
                                                  build/stm32f4xx_hal_timebase_tim.o
HAL_TIM_Base_Stop                                 build/stm32f4xx_hal_tim.o
HAL_TIM_Base_Stop_DMA                             build/stm32f4xx_hal_tim.o
HAL_TIM_Base_Stop_IT                              build/stm32f4xx_hal_tim.o
HAL_TIM_ConfigClockSource                         build/stm32f4xx_hal_tim.o
                                                  build/tim.o
HAL_TIM_ConfigOCrefClear                          build/stm32f4xx_hal_tim.o
HAL_TIM_ConfigTI1Input                            build/stm32f4xx_hal_tim.o
HAL_TIM_DMABurstState                             build/stm32f4xx_hal_tim.o
HAL_TIM_DMABurst_MultiReadStart                   build/stm32f4xx_hal_tim.o
HAL_TIM_DMABurst_MultiWriteStart                  build/stm32f4xx_hal_tim.o
HAL_TIM_DMABurst_ReadStart                        build/stm32f4xx_hal_tim.o
HAL_TIM_DMABurst_ReadStop                         build/stm32f4xx_hal_tim.o
HAL_TIM_DMABurst_WriteStart                       build/stm32f4xx_hal_tim.o
HAL_TIM_DMABurst_WriteStop                        build/stm32f4xx_hal_tim.o
HAL_TIM_Encoder_DeInit                            build/stm32f4xx_hal_tim.o
HAL_TIM_Encoder_GetState                          build/stm32f4xx_hal_tim.o
HAL_TIM_Encoder_Init                              build/stm32f4xx_hal_tim.o
HAL_TIM_Encoder_MspDeInit                         build/stm32f4xx_hal_tim.o
HAL_TIM_Encoder_MspInit                           build/stm32f4xx_hal_tim.o
HAL_TIM_Encoder_Start                             build/stm32f4xx_hal_tim.o
HAL_TIM_Encoder_Start_DMA                         build/stm32f4xx_hal_tim.o
HAL_TIM_Encoder_Start_IT                          build/stm32f4xx_hal_tim.o
HAL_TIM_Encoder_Stop                              build/stm32f4xx_hal_tim.o
HAL_TIM_Encoder_Stop_DMA                          build/stm32f4xx_hal_tim.o
HAL_TIM_Encoder_Stop_IT                           build/stm32f4xx_hal_tim.o
HAL_TIM_ErrorCallback                             build/stm32f4xx_hal_tim.o
                                                  build/stm32f4xx_hal_tim_ex.o
HAL_TIM_GenerateEvent                             build/stm32f4xx_hal_tim.o
HAL_TIM_GetActiveChannel                          build/stm32f4xx_hal_tim.o
HAL_TIM_GetChannelState                           build/stm32f4xx_hal_tim.o
HAL_TIM_IC_CaptureCallback                        build/stm32f4xx_hal_tim.o
HAL_TIM_IC_CaptureHalfCpltCallback                build/stm32f4xx_hal_tim.o
HAL_TIM_IC_ConfigChannel                          build/stm32f4xx_hal_tim.o
HAL_TIM_IC_DeInit                                 build/stm32f4xx_hal_tim.o
HAL_TIM_IC_GetState                               build/stm32f4xx_hal_tim.o
HAL_TIM_IC_Init                                   build/stm32f4xx_hal_tim.o
HAL_TIM_IC_MspDeInit                              build/stm32f4xx_hal_tim.o
HAL_TIM_IC_MspInit                                build/stm32f4xx_hal_tim.o
HAL_TIM_IC_Start                                  build/stm32f4xx_hal_tim.o
HAL_TIM_IC_Start_DMA                              build/stm32f4xx_hal_tim.o
HAL_TIM_IC_Start_IT                               build/stm32f4xx_hal_tim.o
HAL_TIM_IC_Stop                                   build/stm32f4xx_hal_tim.o
HAL_TIM_IC_Stop_DMA                               build/stm32f4xx_hal_tim.o
HAL_TIM_IC_Stop_IT                                build/stm32f4xx_hal_tim.o
HAL_TIM_IRQHandler                                build/stm32f4xx_hal_tim.o
                                                  build/stm32f4xx_it.o
HAL_TIM_OC_ConfigChannel                          build/stm32f4xx_hal_tim.o
HAL_TIM_OC_DeInit                                 build/stm32f4xx_hal_tim.o
HAL_TIM_OC_DelayElapsedCallback                   build/stm32f4xx_hal_tim.o
HAL_TIM_OC_GetState                               build/stm32f4xx_hal_tim.o
HAL_TIM_OC_Init                                   build/stm32f4xx_hal_tim.o
HAL_TIM_OC_MspDeInit                              build/stm32f4xx_hal_tim.o
HAL_TIM_OC_MspInit                                build/stm32f4xx_hal_tim.o
HAL_TIM_OC_Start                                  build/stm32f4xx_hal_tim.o
HAL_TIM_OC_Start_DMA                              build/stm32f4xx_hal_tim.o
HAL_TIM_OC_Start_IT                               build/stm32f4xx_hal_tim.o
HAL_TIM_OC_Stop                                   build/stm32f4xx_hal_tim.o
HAL_TIM_OC_Stop_DMA                               build/stm32f4xx_hal_tim.o
HAL_TIM_OC_Stop_IT                                build/stm32f4xx_hal_tim.o
HAL_TIM_OnePulse_ConfigChannel                    build/stm32f4xx_hal_tim.o
HAL_TIM_OnePulse_DeInit                           build/stm32f4xx_hal_tim.o
HAL_TIM_OnePulse_GetState                         build/stm32f4xx_hal_tim.o
HAL_TIM_OnePulse_Init                             build/stm32f4xx_hal_tim.o
HAL_TIM_OnePulse_MspDeInit                        build/stm32f4xx_hal_tim.o
HAL_TIM_OnePulse_MspInit                          build/stm32f4xx_hal_tim.o
HAL_TIM_OnePulse_Start                            build/stm32f4xx_hal_tim.o
HAL_TIM_OnePulse_Start_IT                         build/stm32f4xx_hal_tim.o
HAL_TIM_OnePulse_Stop                             build/stm32f4xx_hal_tim.o
HAL_TIM_OnePulse_Stop_IT                          build/stm32f4xx_hal_tim.o
HAL_TIM_PWM_ConfigChannel                         build/stm32f4xx_hal_tim.o
HAL_TIM_PWM_DeInit                                build/stm32f4xx_hal_tim.o
HAL_TIM_PWM_GetState                              build/stm32f4xx_hal_tim.o
HAL_TIM_PWM_Init                                  build/stm32f4xx_hal_tim.o
HAL_TIM_PWM_MspDeInit                             build/stm32f4xx_hal_tim.o
HAL_TIM_PWM_MspInit                               build/stm32f4xx_hal_tim.o
HAL_TIM_PWM_PulseFinishedCallback                 build/stm32f4xx_hal_tim.o
                                                  build/stm32f4xx_hal_tim_ex.o
HAL_TIM_PWM_PulseFinishedHalfCpltCallback         build/stm32f4xx_hal_tim.o
HAL_TIM_PWM_Start                                 build/stm32f4xx_hal_tim.o
HAL_TIM_PWM_Start_DMA                             build/stm32f4xx_hal_tim.o
HAL_TIM_PWM_Start_IT                              build/stm32f4xx_hal_tim.o
HAL_TIM_PWM_Stop                                  build/stm32f4xx_hal_tim.o
HAL_TIM_PWM_Stop_DMA                              build/stm32f4xx_hal_tim.o
HAL_TIM_PWM_Stop_IT                               build/stm32f4xx_hal_tim.o
HAL_TIM_PeriodElapsedCallback                     build/main.o
HAL_TIM_PeriodElapsedHalfCpltCallback             build/stm32f4xx_hal_tim.o
HAL_TIM_ReadCapturedValue                         build/stm32f4xx_hal_tim.o
HAL_TIM_SlaveConfigSynchro                        build/stm32f4xx_hal_tim.o
HAL_TIM_SlaveConfigSynchro_IT                     build/stm32f4xx_hal_tim.o
HAL_TIM_TriggerCallback                           build/stm32f4xx_hal_tim.o
HAL_TIM_TriggerHalfCpltCallback                   build/stm32f4xx_hal_tim.o
HAL_UARTEx_ReceiveToIdle                          build/stm32f4xx_hal_uart.o
HAL_UARTEx_ReceiveToIdle_DMA                      build/stm32f4xx_hal_uart.o
HAL_UARTEx_ReceiveToIdle_IT                       build/stm32f4xx_hal_uart.o
HAL_UARTEx_RxEventCallback                        build/stm32f4xx_hal_uart.o
HAL_UART_Abort                                    build/stm32f4xx_hal_uart.o
HAL_UART_AbortCpltCallback                        build/stm32f4xx_hal_uart.o
HAL_UART_AbortReceive                             build/stm32f4xx_hal_uart.o
HAL_UART_AbortReceiveCpltCallback                 build/stm32f4xx_hal_uart.o
HAL_UART_AbortReceive_IT                          build/stm32f4xx_hal_uart.o
HAL_UART_AbortTransmit                            build/stm32f4xx_hal_uart.o
HAL_UART_AbortTransmitCpltCallback                build/stm32f4xx_hal_uart.o
HAL_UART_AbortTransmit_IT                         build/stm32f4xx_hal_uart.o
HAL_UART_Abort_IT                                 build/stm32f4xx_hal_uart.o
HAL_UART_DMAPause                                 build/stm32f4xx_hal_uart.o
HAL_UART_DMAResume                                build/stm32f4xx_hal_uart.o
HAL_UART_DMAStop                                  build/stm32f4xx_hal_uart.o
HAL_UART_DeInit                                   build/stm32f4xx_hal_uart.o
HAL_UART_ErrorCallback                            build/stm32f4xx_hal_uart.o
HAL_UART_GetError                                 build/stm32f4xx_hal_uart.o
HAL_UART_GetState                                 build/stm32f4xx_hal_uart.o
HAL_UART_IRQHandler                               build/stm32f4xx_hal_uart.o
                                                  build/stm32f4xx_it.o
HAL_UART_Init                                     build/stm32f4xx_hal_uart.o
                                                  build/usart.o
HAL_UART_MspDeInit                                build/usart.o
HAL_UART_MspInit                                  build/usart.o
HAL_UART_Receive                                  build/stm32f4xx_hal_uart.o
HAL_UART_Receive_DMA                              build/stm32f4xx_hal_uart.o
HAL_UART_Receive_IT                               build/stm32f4xx_hal_uart.o
                                                  build/main.o
HAL_UART_RxCpltCallback                           build/main.o
HAL_UART_RxHalfCpltCallback                       build/stm32f4xx_hal_uart.o
HAL_UART_Transmit                                 build/stm32f4xx_hal_uart.o
                                                  build/usart.o
HAL_UART_Transmit_DMA                             build/stm32f4xx_hal_uart.o
HAL_UART_Transmit_IT                              build/stm32f4xx_hal_uart.o
                                                  build/main.o
HAL_UART_TxCpltCallback                           build/stm32f4xx_hal_uart.o
HAL_UART_TxHalfCpltCallback                       build/stm32f4xx_hal_uart.o
HASH_RNG_IRQHandler                               build/startup_stm32f407xx.o
Handkey                                           build/PS2.o
HardFault_Handler                                 build/stm32f4xx_it.o
I2C1_ER_IRQHandler                                build/startup_stm32f407xx.o
I2C1_EV_IRQHandler                                build/startup_stm32f407xx.o
I2C2_ER_IRQHandler                                build/startup_stm32f407xx.o
I2C2_EV_IRQHandler                                build/startup_stm32f407xx.o
I2C3_ER_IRQHandler                                build/startup_stm32f407xx.o
I2C3_EV_IRQHandler                                build/startup_stm32f407xx.o
MASK                                              build/PS2.o
MX_GPIO_Init                                      build/gpio.o
                                                  build/main.o
MX_TIM9_Init                                      build/tim.o
                                                  build/main.o
MX_USART1_UART_Init                               build/usart.o
                                                  build/main.o
MX_USART2_UART_Init                               build/usart.o
                                                  build/main.o
MX_USART6_UART_Init                               build/usart.o
                                                  build/main.o
MemManage_Handler                                 build/stm32f4xx_it.o
NMI_Handler                                       build/stm32f4xx_it.o
OTG_FS_IRQHandler                                 build/startup_stm32f407xx.o
OTG_FS_WKUP_IRQHandler                            build/startup_stm32f407xx.o
OTG_HS_EP1_IN_IRQHandler                          build/startup_stm32f407xx.o
OTG_HS_EP1_OUT_IRQHandler                         build/startup_stm32f407xx.o
OTG_HS_IRQHandler                                 build/startup_stm32f407xx.o
OTG_HS_WKUP_IRQHandler                            build/startup_stm32f407xx.o
PS2_AnologData                                    build/PS2.o
PS2_ClearData                                     build/PS2.o
PS2_Cmd                                           build/PS2.o
PS2_DataKey                                       build/PS2.o
                                                  build/motor_controll.o
PS2_EnterConfing                                  build/PS2.o
PS2_ExitConfing                                   build/PS2.o
PS2_ReadData                                      build/PS2.o
PS2_RedLight                                      build/PS2.o
PS2_SetInit                                       build/PS2.o
                                                  build/main.o
PS2_ShortPoll                                     build/PS2.o
PS2_TurnOnAnalogMode                              build/PS2.o
PS2_Vibration                                     build/PS2.o
PS2_VibrationMode                                 build/PS2.o
PVD_IRQHandler                                    build/startup_stm32f407xx.o
PendSV_Handler                                    build/stm32f4xx_it.o
RCC_IRQHandler                                    build/startup_stm32f407xx.o
RTC_Alarm_IRQHandler                              build/startup_stm32f407xx.o
RTC_WKUP_IRQHandler                               build/startup_stm32f407xx.o
Reset_Handler                                     build/startup_stm32f407xx.o
SDIO_IRQHandler                                   build/startup_stm32f407xx.o
SPI1_IRQHandler                                   build/startup_stm32f407xx.o
SPI2_IRQHandler                                   build/startup_stm32f407xx.o
SPI3_IRQHandler                                   build/startup_stm32f407xx.o
SVC_Handler                                       build/stm32f4xx_it.o
SysTick_Handler                                   build/stm32f4xx_it.o
SystemClock_Config                                build/main.o
SystemCoreClock                                   build/system_stm32f4xx.o
                                                  build/stm32f4xx_hal.o
                                                  build/stm32f4xx_hal_dma.o
                                                  build/stm32f4xx_hal_rcc_ex.o
                                                  build/stm32f4xx_hal_rcc.o
SystemCoreClockUpdate                             build/system_stm32f4xx.o
SystemInit                                        build/system_stm32f4xx.o
                                                  build/startup_stm32f407xx.o
TAMP_STAMP_IRQHandler                             build/startup_stm32f407xx.o
TIM1_BRK_TIM9_IRQHandler                          build/stm32f4xx_it.o
TIM1_CC_IRQHandler                                build/startup_stm32f407xx.o
TIM1_TRG_COM_TIM11_IRQHandler                     build/startup_stm32f407xx.o
TIM1_UP_TIM10_IRQHandler                          build/startup_stm32f407xx.o
TIM2_IRQHandler                                   build/startup_stm32f407xx.o
TIM3_IRQHandler                                   build/startup_stm32f407xx.o
TIM4_IRQHandler                                   build/startup_stm32f407xx.o
TIM5_IRQHandler                                   build/startup_stm32f407xx.o
TIM6_DAC_IRQHandler                               build/startup_stm32f407xx.o
TIM7_IRQHandler                                   build/stm32f4xx_it.o
TIM8_BRK_TIM12_IRQHandler                         build/startup_stm32f407xx.o
TIM8_CC_IRQHandler                                build/startup_stm32f407xx.o
TIM8_TRG_COM_TIM14_IRQHandler                     build/startup_stm32f407xx.o
TIM8_UP_TIM13_IRQHandler                          build/startup_stm32f407xx.o
TIMEx_DMACommutationCplt                          build/stm32f4xx_hal_tim_ex.o
                                                  build/stm32f4xx_hal_tim.o
TIMEx_DMACommutationHalfCplt                      build/stm32f4xx_hal_tim_ex.o
                                                  build/stm32f4xx_hal_tim.o
TIM_Base_SetConfig                                build/stm32f4xx_hal_tim.o
                                                  build/stm32f4xx_hal_tim_ex.o
TIM_CCxChannelCmd                                 build/stm32f4xx_hal_tim.o
                                                  build/stm32f4xx_hal_tim_ex.o
TIM_DMACaptureCplt                                build/stm32f4xx_hal_tim.o
                                                  build/stm32f4xx_hal_tim_ex.o
TIM_DMACaptureHalfCplt                            build/stm32f4xx_hal_tim.o
                                                  build/stm32f4xx_hal_tim_ex.o
TIM_DMADelayPulseHalfCplt                         build/stm32f4xx_hal_tim.o
                                                  build/stm32f4xx_hal_tim_ex.o
TIM_DMAError                                      build/stm32f4xx_hal_tim.o
                                                  build/stm32f4xx_hal_tim_ex.o
TIM_ETR_SetConfig                                 build/stm32f4xx_hal_tim.o
TIM_OC2_SetConfig                                 build/stm32f4xx_hal_tim.o
                                                  build/stm32f4xx_hal_tim_ex.o
TIM_TI1_SetConfig                                 build/stm32f4xx_hal_tim.o
                                                  build/stm32f4xx_hal_tim_ex.o
UART4_IRQHandler                                  build/startup_stm32f407xx.o
UART5_IRQHandler                                  build/startup_stm32f407xx.o
UART_Start_Receive_DMA                            build/stm32f4xx_hal_uart.o
UART_Start_Receive_IT                             build/stm32f4xx_hal_uart.o
USART1_IRQHandler                                 build/startup_stm32f407xx.o
USART2_IRQHandler                                 build/stm32f4xx_it.o
USART3_IRQHandler                                 build/startup_stm32f407xx.o
USART6_IRQHandler                                 build/stm32f4xx_it.o
UsageFault_Handler                                build/stm32f4xx_it.o
WWDG_IRQHandler                                   build/startup_stm32f407xx.o
__aeabi_idiv0                                     d:/msys2/mingw64/bin/../lib/gcc/arm-none-eabi/12.2.0/thumb/v7e-m+fp/hard\libgcc.a(_dvmd_tls.o)
__aeabi_ldiv0                                     d:/msys2/mingw64/bin/../lib/gcc/arm-none-eabi/12.2.0/thumb/v7e-m+fp/hard\libgcc.a(_dvmd_tls.o)
                                                  d:/msys2/mingw64/bin/../lib/gcc/arm-none-eabi/12.2.0/thumb/v7e-m+fp/hard\libgcc.a(_aeabi_uldivmod.o)
                                                  d:/msys2/mingw64/bin/../lib/gcc/arm-none-eabi/12.2.0/thumb/v7e-m+fp/hard\libgcc.a(_aeabi_ldivmod.o)
__aeabi_ldivmod                                   d:/msys2/mingw64/bin/../lib/gcc/arm-none-eabi/12.2.0/thumb/v7e-m+fp/hard\libgcc.a(_aeabi_ldivmod.o)
                                                  build/stm32f4xx_hal_rcc.o
                                                  build/stm32f4xx_hal_uart.o
__aeabi_uldivmod                                  d:/msys2/mingw64/bin/../lib/gcc/arm-none-eabi/12.2.0/thumb/v7e-m+fp/hard\libgcc.a(_aeabi_uldivmod.o)
                                                  build/stm32f4xx_hal_rcc.o
                                                  build/stm32f4xx_hal_uart.o
__atexit                                          d:/msys2/mingw64/bin/../lib/gcc/arm-none-eabi/12.2.0/../../../../arm-none-eabi/lib/thumb/v7e-m+fp/hard\libc_nano.a(libc_a-__call_atexit.o)
                                                  d:/msys2/mingw64/bin/../lib/gcc/arm-none-eabi/12.2.0/../../../../arm-none-eabi/lib/thumb/v7e-m+fp/hard\libc_nano.a(libc_a-__atexit.o)
__atexit0                                         d:/msys2/mingw64/bin/../lib/gcc/arm-none-eabi/12.2.0/../../../../arm-none-eabi/lib/thumb/v7e-m+fp/hard\libc_nano.a(libc_a-__atexit.o)
__atexit_dummy                                    d:/msys2/mingw64/bin/../lib/gcc/arm-none-eabi/12.2.0/../../../../arm-none-eabi/lib/thumb/v7e-m+fp/hard\libc_nano.a(libc_a-__atexit.o)
__atexit_recursive_mutex                          d:/msys2/mingw64/bin/../lib/gcc/arm-none-eabi/12.2.0/../../../../arm-none-eabi/lib/thumb/v7e-m+fp/hard\libc_nano.a(libc_a-__call_atexit.o)
                                                  d:/msys2/mingw64/bin/../lib/gcc/arm-none-eabi/12.2.0/../../../../arm-none-eabi/lib/thumb/v7e-m+fp/hard\libc_nano.a(libc_a-__atexit.o)
__bss_end__                                       d:/msys2/mingw64/bin/../lib/gcc/arm-none-eabi/12.2.0/../../../../arm-none-eabi/lib/thumb/v7e-m+fp/hard/crt0.o
__bss_start__                                     d:/msys2/mingw64/bin/../lib/gcc/arm-none-eabi/12.2.0/../../../../arm-none-eabi/lib/thumb/v7e-m+fp/hard/crt0.o
__call_exitprocs                                  d:/msys2/mingw64/bin/../lib/gcc/arm-none-eabi/12.2.0/../../../../arm-none-eabi/lib/thumb/v7e-m+fp/hard\libc_nano.a(libc_a-__call_atexit.o)
                                                  d:/msys2/mingw64/bin/../lib/gcc/arm-none-eabi/12.2.0/../../../../arm-none-eabi/lib/thumb/v7e-m+fp/hard\libc_nano.a(libc_a-__atexit.o)
                                                  d:/msys2/mingw64/bin/../lib/gcc/arm-none-eabi/12.2.0/../../../../arm-none-eabi/lib/thumb/v7e-m+fp/hard\libc_nano.a(libc_a-exit.o)
__deregister_frame_info                           d:/msys2/mingw64/bin/../lib/gcc/arm-none-eabi/12.2.0/thumb/v7e-m+fp/hard/crtbegin.o
__dso_handle                                      d:/msys2/mingw64/bin/../lib/gcc/arm-none-eabi/12.2.0/thumb/v7e-m+fp/hard/crtbegin.o
__fini_array_end                                  d:/msys2/mingw64/bin/../lib/gcc/arm-none-eabi/12.2.0/../../../../arm-none-eabi/lib/thumb/v7e-m+fp/hard\libc_nano.a(libc_a-fini.o)
__fini_array_start                                d:/msys2/mingw64/bin/../lib/gcc/arm-none-eabi/12.2.0/../../../../arm-none-eabi/lib/thumb/v7e-m+fp/hard\libc_nano.a(libc_a-fini.o)
__fp_lock_all                                     d:/msys2/mingw64/bin/../lib/gcc/arm-none-eabi/12.2.0/../../../../arm-none-eabi/lib/thumb/v7e-m+fp/hard\libc_nano.a(libc_a-findfp.o)
__fp_unlock_all                                   d:/msys2/mingw64/bin/../lib/gcc/arm-none-eabi/12.2.0/../../../../arm-none-eabi/lib/thumb/v7e-m+fp/hard\libc_nano.a(libc_a-findfp.o)
__init_array_end                                  d:/msys2/mingw64/bin/../lib/gcc/arm-none-eabi/12.2.0/../../../../arm-none-eabi/lib/thumb/v7e-m+fp/hard\libc_nano.a(libc_a-init.o)
__init_array_start                                d:/msys2/mingw64/bin/../lib/gcc/arm-none-eabi/12.2.0/../../../../arm-none-eabi/lib/thumb/v7e-m+fp/hard\libc_nano.a(libc_a-init.o)
__io_putchar                                      build/usart.o
__libc_fini_array                                 d:/msys2/mingw64/bin/../lib/gcc/arm-none-eabi/12.2.0/../../../../arm-none-eabi/lib/thumb/v7e-m+fp/hard\libc_nano.a(libc_a-fini.o)
                                                  d:/msys2/mingw64/bin/../lib/gcc/arm-none-eabi/12.2.0/../../../../arm-none-eabi/lib/thumb/v7e-m+fp/hard/crt0.o
__libc_init_array                                 d:/msys2/mingw64/bin/../lib/gcc/arm-none-eabi/12.2.0/../../../../arm-none-eabi/lib/thumb/v7e-m+fp/hard\libc_nano.a(libc_a-init.o)
                                                  build/startup_stm32f407xx.o
                                                  d:/msys2/mingw64/bin/../lib/gcc/arm-none-eabi/12.2.0/../../../../arm-none-eabi/lib/thumb/v7e-m+fp/hard/crt0.o
__lock___arc4random_mutex                         d:/msys2/mingw64/bin/../lib/gcc/arm-none-eabi/12.2.0/../../../../arm-none-eabi/lib/thumb/v7e-m+fp/hard\libc_nano.a(libc_a-lock.o)
__lock___at_quick_exit_mutex                      d:/msys2/mingw64/bin/../lib/gcc/arm-none-eabi/12.2.0/../../../../arm-none-eabi/lib/thumb/v7e-m+fp/hard\libc_nano.a(libc_a-lock.o)
__lock___atexit_recursive_mutex                   d:/msys2/mingw64/bin/../lib/gcc/arm-none-eabi/12.2.0/../../../../arm-none-eabi/lib/thumb/v7e-m+fp/hard\libc_nano.a(libc_a-lock.o)
                                                  d:/msys2/mingw64/bin/../lib/gcc/arm-none-eabi/12.2.0/../../../../arm-none-eabi/lib/thumb/v7e-m+fp/hard\libc_nano.a(libc_a-__call_atexit.o)
__lock___dd_hash_mutex                            d:/msys2/mingw64/bin/../lib/gcc/arm-none-eabi/12.2.0/../../../../arm-none-eabi/lib/thumb/v7e-m+fp/hard\libc_nano.a(libc_a-lock.o)
__lock___env_recursive_mutex                      d:/msys2/mingw64/bin/../lib/gcc/arm-none-eabi/12.2.0/../../../../arm-none-eabi/lib/thumb/v7e-m+fp/hard\libc_nano.a(libc_a-lock.o)
__lock___malloc_recursive_mutex                   d:/msys2/mingw64/bin/../lib/gcc/arm-none-eabi/12.2.0/../../../../arm-none-eabi/lib/thumb/v7e-m+fp/hard\libc_nano.a(libc_a-lock.o)
                                                  d:/msys2/mingw64/bin/../lib/gcc/arm-none-eabi/12.2.0/../../../../arm-none-eabi/lib/thumb/v7e-m+fp/hard\libc_nano.a(libc_a-mlock.o)
__lock___sfp_recursive_mutex                      d:/msys2/mingw64/bin/../lib/gcc/arm-none-eabi/12.2.0/../../../../arm-none-eabi/lib/thumb/v7e-m+fp/hard\libc_nano.a(libc_a-lock.o)
                                                  d:/msys2/mingw64/bin/../lib/gcc/arm-none-eabi/12.2.0/../../../../arm-none-eabi/lib/thumb/v7e-m+fp/hard\libc_nano.a(libc_a-findfp.o)
__lock___tz_mutex                                 d:/msys2/mingw64/bin/../lib/gcc/arm-none-eabi/12.2.0/../../../../arm-none-eabi/lib/thumb/v7e-m+fp/hard\libc_nano.a(libc_a-lock.o)